Archive member included to satisfy reference by file (symbol)

c:/st/stm32cubeide_1.10.1/stm32cubeide/plugins/com.st.stm32cube.ide.mcu.externaltools.gnu-tools-for-stm32.10.3-2021.10.win32_1.0.0.202111181127/tools/bin/../lib/gcc/arm-none-eabi/10.3.1/../../../../arm-none-eabi/lib/thumb/v7e-m+fp/hard\libc_nano.a(lib_a-errno.o)
                              ./Core/Src/syscalls.o (__errno)
c:/st/stm32cubeide_1.10.1/stm32cubeide/plugins/com.st.stm32cube.ide.mcu.externaltools.gnu-tools-for-stm32.10.3-2021.10.win32_1.0.0.202111181127/tools/bin/../lib/gcc/arm-none-eabi/10.3.1/../../../../arm-none-eabi/lib/thumb/v7e-m+fp/hard\libc_nano.a(lib_a-exit.o)
                              c:/st/stm32cubeide_1.10.1/stm32cubeide/plugins/com.st.stm32cube.ide.mcu.externaltools.gnu-tools-for-stm32.10.3-2021.10.win32_1.0.0.202111181127/tools/bin/../lib/gcc/arm-none-eabi/10.3.1/../../../../arm-none-eabi/lib/thumb/v7e-m+fp/hard/crt0.o (exit)
c:/st/stm32cubeide_1.10.1/stm32cubeide/plugins/com.st.stm32cube.ide.mcu.externaltools.gnu-tools-for-stm32.10.3-2021.10.win32_1.0.0.202111181127/tools/bin/../lib/gcc/arm-none-eabi/10.3.1/../../../../arm-none-eabi/lib/thumb/v7e-m+fp/hard\libc_nano.a(lib_a-impure.o)
                              c:/st/stm32cubeide_1.10.1/stm32cubeide/plugins/com.st.stm32cube.ide.mcu.externaltools.gnu-tools-for-stm32.10.3-2021.10.win32_1.0.0.202111181127/tools/bin/../lib/gcc/arm-none-eabi/10.3.1/../../../../arm-none-eabi/lib/thumb/v7e-m+fp/hard\libc_nano.a(lib_a-exit.o) (_global_impure_ptr)
c:/st/stm32cubeide_1.10.1/stm32cubeide/plugins/com.st.stm32cube.ide.mcu.externaltools.gnu-tools-for-stm32.10.3-2021.10.win32_1.0.0.202111181127/tools/bin/../lib/gcc/arm-none-eabi/10.3.1/../../../../arm-none-eabi/lib/thumb/v7e-m+fp/hard\libc_nano.a(lib_a-init.o)
                              c:/st/stm32cubeide_1.10.1/stm32cubeide/plugins/com.st.stm32cube.ide.mcu.externaltools.gnu-tools-for-stm32.10.3-2021.10.win32_1.0.0.202111181127/tools/bin/../lib/gcc/arm-none-eabi/10.3.1/../../../../arm-none-eabi/lib/thumb/v7e-m+fp/hard/crt0.o (__libc_init_array)
c:/st/stm32cubeide_1.10.1/stm32cubeide/plugins/com.st.stm32cube.ide.mcu.externaltools.gnu-tools-for-stm32.10.3-2021.10.win32_1.0.0.202111181127/tools/bin/../lib/gcc/arm-none-eabi/10.3.1/../../../../arm-none-eabi/lib/thumb/v7e-m+fp/hard\libc_nano.a(lib_a-itoa.o)
                              ./Core/Src/app/app_sm.o (itoa)
c:/st/stm32cubeide_1.10.1/stm32cubeide/plugins/com.st.stm32cube.ide.mcu.externaltools.gnu-tools-for-stm32.10.3-2021.10.win32_1.0.0.202111181127/tools/bin/../lib/gcc/arm-none-eabi/10.3.1/../../../../arm-none-eabi/lib/thumb/v7e-m+fp/hard\libc_nano.a(lib_a-memset.o)
                              c:/st/stm32cubeide_1.10.1/stm32cubeide/plugins/com.st.stm32cube.ide.mcu.externaltools.gnu-tools-for-stm32.10.3-2021.10.win32_1.0.0.202111181127/tools/bin/../lib/gcc/arm-none-eabi/10.3.1/../../../../arm-none-eabi/lib/thumb/v7e-m+fp/hard/crt0.o (memset)
c:/st/stm32cubeide_1.10.1/stm32cubeide/plugins/com.st.stm32cube.ide.mcu.externaltools.gnu-tools-for-stm32.10.3-2021.10.win32_1.0.0.202111181127/tools/bin/../lib/gcc/arm-none-eabi/10.3.1/../../../../arm-none-eabi/lib/thumb/v7e-m+fp/hard\libc_nano.a(lib_a-strcat.o)
                              ./Core/Src/app/app_sm.o (strcat)
c:/st/stm32cubeide_1.10.1/stm32cubeide/plugins/com.st.stm32cube.ide.mcu.externaltools.gnu-tools-for-stm32.10.3-2021.10.win32_1.0.0.202111181127/tools/bin/../lib/gcc/arm-none-eabi/10.3.1/../../../../arm-none-eabi/lib/thumb/v7e-m+fp/hard\libc_nano.a(lib_a-strlen.o)
                              ./Core/Src/app/app_sm.o (strlen)
c:/st/stm32cubeide_1.10.1/stm32cubeide/plugins/com.st.stm32cube.ide.mcu.externaltools.gnu-tools-for-stm32.10.3-2021.10.win32_1.0.0.202111181127/tools/bin/../lib/gcc/arm-none-eabi/10.3.1/../../../../arm-none-eabi/lib/thumb/v7e-m+fp/hard\libc_nano.a(lib_a-utoa.o)
                              c:/st/stm32cubeide_1.10.1/stm32cubeide/plugins/com.st.stm32cube.ide.mcu.externaltools.gnu-tools-for-stm32.10.3-2021.10.win32_1.0.0.202111181127/tools/bin/../lib/gcc/arm-none-eabi/10.3.1/../../../../arm-none-eabi/lib/thumb/v7e-m+fp/hard\libc_nano.a(lib_a-itoa.o) (__utoa)
c:/st/stm32cubeide_1.10.1/stm32cubeide/plugins/com.st.stm32cube.ide.mcu.externaltools.gnu-tools-for-stm32.10.3-2021.10.win32_1.0.0.202111181127/tools/bin/../lib/gcc/arm-none-eabi/10.3.1/thumb/v7e-m+fp/hard\libgcc.a(_arm_muldf3.o)
                              ./Drivers/dev/src/mpu9250.o (__aeabi_dmul)
c:/st/stm32cubeide_1.10.1/stm32cubeide/plugins/com.st.stm32cube.ide.mcu.externaltools.gnu-tools-for-stm32.10.3-2021.10.win32_1.0.0.202111181127/tools/bin/../lib/gcc/arm-none-eabi/10.3.1/thumb/v7e-m+fp/hard\libgcc.a(_arm_addsubdf3.o)
                              ./Drivers/dev/src/mpu9250.o (__aeabi_dadd)
c:/st/stm32cubeide_1.10.1/stm32cubeide/plugins/com.st.stm32cube.ide.mcu.externaltools.gnu-tools-for-stm32.10.3-2021.10.win32_1.0.0.202111181127/tools/bin/../lib/gcc/arm-none-eabi/10.3.1/thumb/v7e-m+fp/hard\libgcc.a(_arm_muldivdf3.o)
[...]
Memory Configuration

Name             Origin             Length             Attributes
CCMRAM           0x0000000010000000 0x0000000000010000 xrw
RAM              0x0000000020000000 0x0000000000030000 xrw
FLASH            0x0000000008000000 0x0000000000200000 xr
*default*        0x0000000000000000 0xffffffffffffffff

Linker script and memory map

LOAD c:/st/stm32cubeide_1.10.1/stm32cubeide/plugins/com.st.stm32cube.ide.mcu.externaltools.gnu-tools-for-stm32.10.3-2021.10.win32_1.0.0.202111181127/tools/bin/../lib/gcc/arm-none-eabi/10.3.1/thumb/v7e-m+fp/hard/crti.o
LOAD c:/st/stm32cubeide_1.10.1/stm32cubeide/plugins/com.st.stm32cube.ide.mcu.externaltools.gnu-tools-for-stm32.10.3-2021.10.win32_1.0.0.202111181127/tools/bin/../lib/gcc/arm-none-eabi/10.3.1/thumb/v7e-m+fp/hard/crtbegin.o
LOAD c:/st/stm32cubeide_1.10.1/stm32cubeide/plugins/com.st.stm32cube.ide.mcu.externaltools.gnu-tools-for-stm32.10.3-2021.10.win32_1.0.0.202111181127/tools/bin/../lib/gcc/arm-none-eabi/10.3.1/../../../../arm-none-eabi/lib/thumb/v7e-m+fp/hard/crt0.o
LOAD ./Core/Src/app/app_sm.o
LOAD ./Core/Src/main.o
LOAD ./Core/Src/syscalls.o
LOAD ./Core/Src/sysmem.o
LOAD ./Core/Src/system_stm32f4xx.o
LOAD ./Core/Startup/startup_stm32f429zitx.o
LOAD ./Drivers/BSP/STM32F4xx_Nucleo_144/stm32f4xx_nucleo_144.o
LOAD ./Drivers/STM32F4xx_HAL_Driver/Src/stm32f4xx_hal.o
LOAD ./Drivers/STM32F4xx_HAL_Driver/Src/stm32f4xx_hal_cortex.o
LOAD ./Drivers/STM32F4xx_HAL_Driver/Src/stm32f4xx_hal_dma.o
LOAD ./Drivers/STM32F4xx_HAL_Driver/Src/stm32f4xx_hal_dma_ex.o
LOAD ./Drivers/STM32F4xx_HAL_Driver/Src/stm32f4xx_hal_exti.o
LOAD ./Drivers/STM32F4xx_HAL_Driver/Src/stm32f4xx_hal_flash.o
LOAD ./Drivers/STM32F4xx_HAL_Driver/Src/stm32f4xx_hal_flash_ex.o
LOAD ./Drivers/STM32F4xx_HAL_Driver/Src/stm32f4xx_hal_flash_ramfunc.o
LOAD ./Drivers/STM32F4xx_HAL_Driver/Src/stm32f4xx_hal_gpio.o
LOAD ./Drivers/STM32F4xx_HAL_Driver/Src/stm32f4xx_hal_i2c.o
LOAD ./Drivers/STM32F4xx_HAL_Driver/Src/stm32f4xx_hal_i2c_ex.o
LOAD ./Drivers/STM32F4xx_HAL_Driver/Src/stm32f4xx_hal_msp.o
LOAD ./Drivers/STM32F4xx_HAL_Driver/Src/stm32f4xx_hal_pwr.o
LOAD ./Drivers/STM32F4xx_HAL_Driver/Src/stm32f4xx_hal_pwr_ex.o
LOAD ./Drivers/STM32F4xx_HAL_Driver/Src/stm32f4xx_hal_rcc.o
LOAD ./Drivers/STM32F4xx_HAL_Driver/Src/stm32f4xx_hal_rcc_ex.o
LOAD ./Drivers/STM32F4xx_HAL_Driver/Src/stm32f4xx_hal_tim.o
LOAD ./Drivers/STM32F4xx_HAL_Driver/Src/stm32f4xx_hal_tim_ex.o
LOAD ./Drivers/STM32F4xx_HAL_Driver/Src/stm32f4xx_hal_uart.o
LOAD ./Drivers/STM32F4xx_HAL_Driver/Src/stm32f4xx_it.o
LOAD ./Drivers/dev/src/dev_timer.o
LOAD ./Drivers/dev/src/dev_uart.o
LOAD ./Drivers/dev/src/mpu9250.o
LOAD ./Drivers/dev/src/port.o
START GROUP
LOAD c:/st/stm32cubeide_1.10.1/stm32cubeide/plugins/com.st.stm32cube.ide.mcu.externaltools.gnu-tools-for-stm32.10.3-2021.10.win32_1.0.0.202111181127/tools/bin/../lib/gcc/arm-none-eabi/10.3.1/../../../../arm-none-eabi/lib/thumb/v7e-m+fp/hard\libc_nano.a
LOAD c:/st/stm32cubeide_1.10.1/stm32cubeide/plugins/com.st.stm32cube.ide.mcu.externaltools.gnu-tools-for-stm32.10.3-2021.10.win32_1.0.0.202111181127/tools/bin/../lib/gcc/arm-none-eabi/10.3.1/../../../../arm-none-eabi/lib/thumb/v7e-m+fp/hard\libm.a
END GROUP
START GROUP
LOAD c:/st/stm32cubeide_1.10.1/stm32cubeide/plugins/com.st.stm32cube.ide.mcu.externaltools.gnu-tools-for-stm32.10.3-2021.10.win32_1.0.0.202111181127/tools/bin/../lib/gcc/arm-none-eabi/10.3.1/thumb/v7e-m+fp/hard\libgcc.a
LOAD c:/st/stm32cubeide_1.10.1/stm32cubeide/plugins/com.st.stm32cube.ide.mcu.externaltools.gnu-tools-for-stm32.10.3-2021.10.win32_1.0.0.202111181127/tools/bin/../lib/gcc/arm-none-eabi/10.3.1/../../../../arm-none-eabi/lib/thumb/v7e-m+fp/hard\libc_nano.a
END GROUP
START GROUP
LOAD c:/st/stm32cubeide_1.10.1/stm32cubeide/plugins/com.st.stm32cube.ide.mcu.externaltools.gnu-tools-for-stm32.10.3-2021.10.win32_1.0.0.202111181127/tools/bin/../lib/gcc/arm-none-eabi/10.3.1/thumb/v7e-m+fp/hard\libgcc.a
LOAD c:/st/stm32cubeide_1.10.1/stm32cubeide/plugins/com.st.stm32cube.ide.mcu.externaltools.gnu-tools-for-stm32.10.3-2021.10.win32_1.0.0.202111181127/tools/bin/../lib/gcc/arm-none-eabi/10.3.1/../../../../arm-none-eabi/lib/thumb/v7e-m+fp/hard\libc_nano.a
LOAD c:/st/stm32cubeide_1.10.1/stm32cubeide/plugins/com.st.stm32cube.ide.mcu.externaltools.gnu-tools-for-stm32.10.3-2021.10.win32_1.0.0.202111181127/tools/bin/../lib/gcc/arm-none-eabi/10.3.1/../../../../arm-none-eabi/lib/thumb/v7e-m+fp/hard\libnosys.a
END GROUP
START GROUP
LOAD c:/st/stm32cubeide_1.10.1/stm32cubeide/plugins/com.st.stm32cube.ide.mcu.externaltools.gnu-tools-for-stm32.10.3-2021.10.win32_1.0.0.202111181127/tools/bin/../lib/gcc/arm-none-eabi/10.3.1/thumb/v7e-m+fp/hard\libgcc.a
LOAD c:/st/stm32cubeide_1.10.1/stm32cubeide/plugins/com.st.stm32cube.ide.mcu.externaltools.gnu-tools-for-stm32.10.3-2021.10.win32_1.0.0.202111181127/tools/bin/../lib/gcc/arm-none-eabi/10.3.1/../../../../arm-none-eabi/lib/thumb/v7e-m+fp/hard\libc_nano.a
LOAD c:/st/stm32cubeide_1.10.1/stm32cubeide/plugins/com.st.stm32cube.ide.mcu.externaltools.gnu-tools-for-stm32.10.3-2021.10.win32_1.0.0.202111181127/tools/bin/../lib/gcc/arm-none-eabi/10.3.1/../../../../arm-none-eabi/lib/thumb/v7e-m+fp/hard\libnosys.a
END GROUP
LOAD c:/st/stm32cubeide_1.10.1/stm32cubeide/plugins/com.st.stm32cube.ide.mcu.externaltools.gnu-tools-for-stm32.10.3-2021.10.win32_1.0.0.202111181127/tools/bin/../lib/gcc/arm-none-eabi/10.3.1/thumb/v7e-m+fp/hard/crtend.o
LOAD c:/st/stm32cubeide_1.10.1/stm32cubeide/plugins/com.st.stm32cube.ide.mcu.externaltools.gnu-tools-for-stm32.10.3-2021.10.win32_1.0.0.202111181127/tools/bin/../lib/gcc/arm-none-eabi/10.3.1/thumb/v7e-m+fp/hard/crtn.o
                0x0000000020030000                _estack = (ORIGIN (RAM) + LENGTH (RAM))
                0x0000000000000200                _Min_Heap_Size = 0x200
                0x0000000000000400                _Min_Stack_Size = 0x400

.isr_vector     0x0000000008000000      0x1ac
                0x0000000008000000                . = ALIGN (0x4)
 *(.isr_vector)
 .isr_vector    0x0000000008000000      0x1ac ./Core/Startup/startup_stm32f429zitx.o
                0x0000000008000000                g_pfnVectors
                0x00000000080001ac                . = ALIGN (0x4)

.text           0x00000000080001b0     0x5798
                0x00000000080001b0                . = ALIGN (0x4)
 *(.text)
 .text          0x00000000080001b0       0x40 c:/st/stm32cubeide_1.10.1/stm32cubeide/plugins/com.st.stm32cube.ide.mcu.externaltools.gnu-tools-for-stm32.10.3-2021.10.win32_1.0.0.202111181127/tools/bin/../lib/gcc/arm-none-eabi/10.3.1/thumb/v7e-m+fp/hard/crtbegin.o
 .text          0x00000000080001f0       0x10 c:/st/stm32cubeide_1.10.1/stm32cubeide/plugins/com.st.stm32cube.ide.mcu.externaltools.gnu-tools-for-stm32.10.3-2021.10.win32_1.0.0.202111181127/tools/bin/../lib/gcc/arm-none-eabi/10.3.1/../../../../arm-none-eabi/lib/thumb/v7e-m+fp/hard\libc_nano.a(lib_a-strlen.o)
                0x00000000080001f0                strlen
 .text          0x0000000008000200      0x378 c:/st/stm32cubeide_1.10.1/stm32cubeide/plugins/com.st.stm32cube.ide.mcu.externaltools.gnu-tools-for-stm32.10.3-2021.10.win32_1.0.0.202111181127/tools/bin/../lib/gcc/arm-none-eabi/10.3.1/thumb/v7e-m+fp/hard\libgcc.a(_arm_addsubdf3.o)
                0x0000000008000200                __aeabi_drsub
                0x0000000008000208                __aeabi_dsub
                0x0000000008000208                __subdf3
                0x000000000800020c                __aeabi_dadd
                0x000000000800020c                __adddf3
                0x0000000008000484                __floatunsidf
                0x0000000008000484                __aeabi_ui2d
                0x00000000080004a4                __floatsidf
                0x00000000080004a4                __aeabi_i2d
                0x00000000080004c8                __aeabi_f2d
                0x00000000080004c8                __extendsfdf2
                0x000000000800050c                __floatundidf
                0x000000000800050c                __aeabi_ul2d
                0x000000000800051c                __floatdidf
                0x000000000800051c                __aeabi_l2d
 .text          0x0000000008000578      0x424 c:/st/stm32cubeide_1.10.1/stm32cubeide/plugins/com.st.stm32cube.ide.mcu.externaltools.gnu-tools-for-stm32.10.3-2021.10.win32_1.0.0.202111181127/tools/bin/../lib/gcc/arm-none-eabi/10.3.1/thumb/v7e-m+fp/hard\libgcc.a(_arm_muldivdf3.o)
                0x0000000008000578                __aeabi_dmul
                0x0000000008000578                __muldf3
                0x00000000080007cc                __divdf3
                0x00000000080007cc                __aeabi_ddiv
 .text          0x000000000800099c       0xa0 c:/st/stm32cubeide_1.10.1/stm32cubeide/plugins/com.st.stm32cube.ide.mcu.externaltools.gnu-tools-for-stm32.10.3-2021.10.win32_1.0.0.202111181127/tools/bin/../lib/gcc/arm-none-eabi/10.3.1/thumb/v7e-m+fp/hard\libgcc.a(_arm_truncdfsf2.o)
                0x000000000800099c                __truncdfsf2
                0x000000000800099c                __aeabi_d2f
 .text          0x0000000008000a3c       0x30 c:/st/stm32cubeide_1.10.1/stm32cubeide/plugins/com.st.stm32cube.ide.mcu.externaltools.gnu-tools-for-stm32.10.3-2021.10.win32_1.0.0.202111181127/tools/bin/../lib/gcc/arm-none-eabi/10.3.1/thumb/v7e-m+fp/hard\libgcc.a(_aeabi_uldivmod.o)
                0x0000000008000a3c                __aeabi_uldivmod
 .text          0x0000000008000a6c      0x2d0 c:/st/stm32cubeide_1.10.1/stm32cubeide/plugins/com.st.stm32cube.ide.mcu.externaltools.gnu-tools-for-stm32.10.3-2021.10.win32_1.0.0.202111181127/tools/bin/../lib/gcc/arm-none-eabi/10.3.1/thumb/v7e-m+fp/hard\libgcc.a(_udivmoddi4.o)
                0x0000000008000a6c                __udivmoddi4
 .text          0x0000000008000d3c        0x4 c:/st/stm32cubeide_1.10.1/stm32cubeide/plugins/com.st.stm32cube.ide.mcu.externaltools.gnu-tools-for-stm32.10.3-2021.10.win32_1.0.0.202111181127/tools/bin/../lib/gcc/arm-none-eabi/10.3.1/thumb/v7e-m+fp/hard\libgcc.a(_dvmd_tls.o)
                0x0000000008000d3c                __aeabi_idiv0
                0x0000000008000d3c                __aeabi_ldiv0
 *(.text*)
 .text.APP_SMInit
                0x0000000008000d40       0x38 ./Core/Src/app/app_sm.o
                0x0000000008000d40                APP_SMInit
 .text.APP_SMProccess
                0x0000000008000d78      0x194 ./Core/Src/app/app_sm.o
                0x0000000008000d78                APP_SMProccess
 .text.print_string
                0x0000000008000f0c      0x32c ./Core/Src/app/app_sm.o
 .text.ftoa     0x0000000008001238      0x100 ./Core/Src/app/app_sm.o
 .text.main     0x0000000008001338       0x40 ./Core/Src/main.o
                0x0000000008001338                main
 .text.SystemClock_Config
                0x0000000008001378       0xc4 ./Core/Src/main.o
 .text.Error_Handler
                0x000000000800143c        0xc ./Core/Src/main.o
 .text.SystemInit
                0x0000000008001448       0x24 ./Core/Src/system_stm32f4xx.o
                0x0000000008001448                SystemInit
 .text.Reset_Handler
                0x000000000800146c       0x50 ./Core/Startup/startup_stm32f429zitx.o
                0x000000000800146c                Reset_Handler
 .text.Default_Handler
                0x00000000080014bc        0x2 ./Core/Startup/startup_stm32f429zitx.o
                0x00000000080014bc                RTC_Alarm_IRQHandler
                0x00000000080014bc                HASH_RNG_IRQHandler
                0x00000000080014bc                EXTI2_IRQHandler
                0x00000000080014bc                TIM8_CC_IRQHandler
                0x00000000080014bc                UART8_IRQHandler
                0x00000000080014bc                SPI4_IRQHandler
                0x00000000080014bc                TIM1_CC_IRQHandler
                0x00000000080014bc                DMA2_Stream5_IRQHandler
                0x00000000080014bc                DMA1_Stream5_IRQHandler
                0x00000000080014bc                PVD_IRQHandler
                0x00000000080014bc                SDIO_IRQHandler
                0x00000000080014bc                TAMP_STAMP_IRQHandler
                0x00000000080014bc                CAN2_RX1_IRQHandler
                0x00000000080014bc                EXTI3_IRQHandler
                0x00000000080014bc                TIM8_TRG_COM_TIM14_IRQHandler
                0x00000000080014bc                TIM1_UP_TIM10_IRQHandler
                0x00000000080014bc                TIM8_UP_TIM13_IRQHandler
                0x00000000080014bc                I2C3_ER_IRQHandler
                0x00000000080014bc                EXTI0_IRQHandler
                0x00000000080014bc                DMA1_Stream2_IRQHandler
                0x00000000080014bc                CAN1_RX0_IRQHandler
                0x00000000080014bc                FPU_IRQHandler
                0x00000000080014bc                OTG_HS_WKUP_IRQHandler
                0x00000000080014bc                LTDC_ER_IRQHandler
                0x00000000080014bc                CAN2_SCE_IRQHandler
                0x00000000080014bc                DMA2_Stream2_IRQHandler
                0x00000000080014bc                SPI1_IRQHandler
                0x00000000080014bc                TIM6_DAC_IRQHandler
                0x00000000080014bc                TIM1_BRK_TIM9_IRQHandler
                0x00000000080014bc                DCMI_IRQHandler
                0x00000000080014bc                CAN2_RX0_IRQHandler
                0x00000000080014bc                DMA2_Stream3_IRQHandler
                0x00000000080014bc                USART6_IRQHandler
                0x00000000080014bc                USART3_IRQHandler
                0x00000000080014bc                CAN1_RX1_IRQHandler
                0x00000000080014bc                UART5_IRQHandler
                0x00000000080014bc                DMA2_Stream0_IRQHandler
                0x00000000080014bc                TIM4_IRQHandler
                0x00000000080014bc                I2C1_EV_IRQHandler
                0x00000000080014bc                DMA1_Stream6_IRQHandler
                0x00000000080014bc                DMA1_Stream1_IRQHandler
                0x00000000080014bc                UART4_IRQHandler
                0x00000000080014bc                TIM3_IRQHandler
                0x00000000080014bc                RCC_IRQHandler
                0x00000000080014bc                TIM8_BRK_TIM12_IRQHandler
                0x00000000080014bc                Default_Handler
                0x00000000080014bc                EXTI15_10_IRQHandler
                0x00000000080014bc                ADC_IRQHandler
                0x00000000080014bc                DMA1_Stream7_IRQHandler
                0x00000000080014bc                SPI5_IRQHandler
                0x00000000080014bc                TIM7_IRQHandler
                0x00000000080014bc                CAN2_TX_IRQHandler
                0x00000000080014bc                TIM5_IRQHandler
                0x00000000080014bc                DMA2_Stream7_IRQHandler
                0x00000000080014bc                I2C3_EV_IRQHandler
                0x00000000080014bc                EXTI9_5_IRQHandler
                0x00000000080014bc                RTC_WKUP_IRQHandler
                0x00000000080014bc                LTDC_IRQHandler
                0x00000000080014bc                ETH_WKUP_IRQHandler
                0x00000000080014bc                SPI2_IRQHandler
                0x00000000080014bc                OTG_HS_EP1_IN_IRQHandler
                0x00000000080014bc                DMA1_Stream0_IRQHandler
                0x00000000080014bc                CAN1_TX_IRQHandler
                0x00000000080014bc                EXTI4_IRQHandler
                0x00000000080014bc                ETH_IRQHandler
                0x00000000080014bc                OTG_HS_EP1_OUT_IRQHandler
                0x00000000080014bc                WWDG_IRQHandler
                0x00000000080014bc                SPI6_IRQHandler
                0x00000000080014bc                TIM2_IRQHandler
                0x00000000080014bc                OTG_FS_WKUP_IRQHandler
                0x00000000080014bc                TIM1_TRG_COM_TIM11_IRQHandler
                0x00000000080014bc                OTG_HS_IRQHandler
                0x00000000080014bc                DMA2D_IRQHandler
                0x00000000080014bc                EXTI1_IRQHandler
                0x00000000080014bc                UART7_IRQHandler
                0x00000000080014bc                USART2_IRQHandler
                0x00000000080014bc                I2C2_ER_IRQHandler
                0x00000000080014bc                DMA2_Stream1_IRQHandler
                0x00000000080014bc                CAN1_SCE_IRQHandler
                0x00000000080014bc                FLASH_IRQHandler
                0x00000000080014bc                DMA2_Stream4_IRQHandler
                0x00000000080014bc                USART1_IRQHandler
                0x00000000080014bc                OTG_FS_IRQHandler
                0x00000000080014bc                SPI3_IRQHandler
                0x00000000080014bc                DMA1_Stream4_IRQHandler
                0x00000000080014bc                I2C1_ER_IRQHandler
                0x00000000080014bc                FMC_IRQHandler
                0x00000000080014bc                DMA2_Stream6_IRQHandler
                0x00000000080014bc                SAI1_IRQHandler
                0x00000000080014bc                DMA1_Stream3_IRQHandler
 *fill*         0x00000000080014be        0x2 
 .text.BSP_LED_Init
                0x00000000080014c0       0xa0 ./Drivers/BSP/STM32F4xx_Nucleo_144/stm32f4xx_nucleo_144.o
                0x00000000080014c0                BSP_LED_Init
 .text.BSP_LED_On
                0x0000000008001560       0x34 ./Drivers/BSP/STM32F4xx_Nucleo_144/stm32f4xx_nucleo_144.o
                0x0000000008001560                BSP_LED_On
 .text.HAL_Init
                0x0000000008001594       0x44 ./Drivers/STM32F4xx_HAL_Driver/Src/stm32f4xx_hal.o
                0x0000000008001594                HAL_Init
 .text.HAL_InitTick
                0x00000000080015d8       0x60 ./Drivers/STM32F4xx_HAL_Driver/Src/stm32f4xx_hal.o
                0x00000000080015d8                HAL_InitTick
 .text.HAL_IncTick
                0x0000000008001638       0x28 ./Drivers/STM32F4xx_HAL_Driver/Src/stm32f4xx_hal.o
                0x0000000008001638                HAL_IncTick
 .text.HAL_GetTick
                0x0000000008001660       0x18 ./Drivers/STM32F4xx_HAL_Driver/Src/stm32f4xx_hal.o
                0x0000000008001660                HAL_GetTick
 .text.__NVIC_SetPriorityGrouping
                0x0000000008001678       0x48 ./Drivers/STM32F4xx_HAL_Driver/Src/stm32f4xx_hal_cortex.o
 .text.__NVIC_GetPriorityGrouping
                0x00000000080016c0       0x1c ./Drivers/STM32F4xx_HAL_Driver/Src/stm32f4xx_hal_cortex.o
 .text.__NVIC_EnableIRQ
                0x00000000080016dc       0x3c ./Drivers/STM32F4xx_HAL_Driver/Src/stm32f4xx_hal_cortex.o
 .text.__NVIC_SetPriority
                0x0000000008001718       0x54 ./Drivers/STM32F4xx_HAL_Driver/Src/stm32f4xx_hal_cortex.o
 .text.NVIC_EncodePriority
                0x000000000800176c       0x66 ./Drivers/STM32F4xx_HAL_Driver/Src/stm32f4xx_hal_cortex.o
 *fill*         0x00000000080017d2        0x2 
 .text.SysTick_Config
                0x00000000080017d4       0x44 ./Drivers/STM32F4xx_HAL_Driver/Src/stm32f4xx_hal_cortex.o
 .text.HAL_NVIC_SetPriorityGrouping
                0x0000000008001818       0x16 ./Drivers/STM32F4xx_HAL_Driver/Src/stm32f4xx_hal_cortex.o
                0x0000000008001818                HAL_NVIC_SetPriorityGrouping
 .text.HAL_NVIC_SetPriority
                0x000000000800182e       0x38 ./Drivers/STM32F4xx_HAL_Driver/Src/stm32f4xx_hal_cortex.o
                0x000000000800182e                HAL_NVIC_SetPriority
 .text.HAL_NVIC_EnableIRQ
                0x0000000008001866       0x1c ./Drivers/STM32F4xx_HAL_Driver/Src/stm32f4xx_hal_cortex.o
                0x0000000008001866                HAL_NVIC_EnableIRQ
 .text.HAL_SYSTICK_Config
                0x0000000008001882       0x18 ./Drivers/STM32F4xx_HAL_Driver/Src/stm32f4xx_hal_cortex.o
                0x0000000008001882                HAL_SYSTICK_Config
 .text.HAL_DMA_Abort_IT
                0x000000000800189a       0x44 ./Drivers/STM32F4xx_HAL_Driver/Src/stm32f4xx_hal_dma.o
                0x000000000800189a                HAL_DMA_Abort_IT
 .text.HAL_DMA_GetState
                0x00000000080018de       0x1c ./Drivers/STM32F4xx_HAL_Driver/Src/stm32f4xx_hal_dma.o
                0x00000000080018de                HAL_DMA_GetState
 *fill*         0x00000000080018fa        0x2 
 .text.HAL_GPIO_Init
                0x00000000080018fc      0x358 ./Drivers/STM32F4xx_HAL_Driver/Src/stm32f4xx_hal_gpio.o
                0x00000000080018fc                HAL_GPIO_Init
 .text.HAL_GPIO_WritePin
                0x0000000008001c54       0x32 ./Drivers/STM32F4xx_HAL_Driver/Src/stm32f4xx_hal_gpio.o
                0x0000000008001c54                HAL_GPIO_WritePin
 *fill*         0x0000000008001c86        0x2 
 .text.HAL_I2C_Init
                0x0000000008001c88      0x288 ./Drivers/STM32F4xx_HAL_Driver/Src/stm32f4xx_hal_i2c.o
                0x0000000008001c88                HAL_I2C_Init
 .text.HAL_I2C_Master_Transmit_IT
                0x0000000008001f10      0x14c ./Drivers/STM32F4xx_HAL_Driver/Src/stm32f4xx_hal_i2c.o
                0x0000000008001f10                HAL_I2C_Master_Transmit_IT
 .text.HAL_I2C_Master_Receive_IT
                0x000000000800205c      0x15c ./Drivers/STM32F4xx_HAL_Driver/Src/stm32f4xx_hal_i2c.o
                0x000000000800205c                HAL_I2C_Master_Receive_IT
 .text.HAL_I2C_IsDeviceReady
                0x00000000080021b8      0x25c ./Drivers/STM32F4xx_HAL_Driver/Src/stm32f4xx_hal_i2c.o
                0x00000000080021b8                HAL_I2C_IsDeviceReady
 .text.HAL_I2C_EV_IRQHandler
                0x0000000008002414      0x2e2 ./Drivers/STM32F4xx_HAL_Driver/Src/stm32f4xx_hal_i2c.o
                0x0000000008002414                HAL_I2C_EV_IRQHandler
 .text.HAL_I2C_MasterTxCpltCallback
                0x00000000080026f6       0x14 ./Drivers/STM32F4xx_HAL_Driver/Src/stm32f4xx_hal_i2c.o
                0x00000000080026f6                HAL_I2C_MasterTxCpltCallback
 .text.HAL_I2C_MasterRxCpltCallback
                0x000000000800270a       0x14 ./Drivers/STM32F4xx_HAL_Driver/Src/stm32f4xx_hal_i2c.o
                0x000000000800270a                HAL_I2C_MasterRxCpltCallback
 .text.HAL_I2C_SlaveTxCpltCallback
                0x000000000800271e       0x14 ./Drivers/STM32F4xx_HAL_Driver/Src/stm32f4xx_hal_i2c.o
                0x000000000800271e                HAL_I2C_SlaveTxCpltCallback
 .text.HAL_I2C_SlaveRxCpltCallback
                0x0000000008002732       0x14 ./Drivers/STM32F4xx_HAL_Driver/Src/stm32f4xx_hal_i2c.o
                0x0000000008002732                HAL_I2C_SlaveRxCpltCallback
 .text.HAL_I2C_AddrCallback
                0x0000000008002746       0x1c ./Drivers/STM32F4xx_HAL_Driver/Src/stm32f4xx_hal_i2c.o
                0x0000000008002746                HAL_I2C_AddrCallback
 .text.HAL_I2C_ListenCpltCallback
                0x0000000008002762       0x14 ./Drivers/STM32F4xx_HAL_Driver/Src/stm32f4xx_hal_i2c.o
                0x0000000008002762                HAL_I2C_ListenCpltCallback
 .text.HAL_I2C_MemTxCpltCallback
                0x0000000008002776       0x14 ./Drivers/STM32F4xx_HAL_Driver/Src/stm32f4xx_hal_i2c.o
                0x0000000008002776                HAL_I2C_MemTxCpltCallback
 .text.HAL_I2C_MemRxCpltCallback
                0x000000000800278a       0x14 ./Drivers/STM32F4xx_HAL_Driver/Src/stm32f4xx_hal_i2c.o
                0x000000000800278a                HAL_I2C_MemRxCpltCallback
 .text.HAL_I2C_ErrorCallback
                0x000000000800279e       0x14 ./Drivers/STM32F4xx_HAL_Driver/Src/stm32f4xx_hal_i2c.o
                0x000000000800279e                HAL_I2C_ErrorCallback
 .text.HAL_I2C_AbortCpltCallback
                0x00000000080027b2       0x14 ./Drivers/STM32F4xx_HAL_Driver/Src/stm32f4xx_hal_i2c.o
                0x00000000080027b2                HAL_I2C_AbortCpltCallback
 .text.I2C_MasterTransmit_TXE
                0x00000000080027c6      0x138 ./Drivers/STM32F4xx_HAL_Driver/Src/stm32f4xx_hal_i2c.o
 .text.I2C_MasterTransmit_BTF
                0x00000000080028fe       0xec ./Drivers/STM32F4xx_HAL_Driver/Src/stm32f4xx_hal_i2c.o
 .text.I2C_MemoryTransmit_TXE_BTF
                0x00000000080029ea      0x128 ./Drivers/STM32F4xx_HAL_Driver/Src/stm32f4xx_hal_i2c.o
 .text.I2C_MasterReceive_RXNE
                0x0000000008002b12      0x176 ./Drivers/STM32F4xx_HAL_Driver/Src/stm32f4xx_hal_i2c.o
 .text.I2C_MasterReceive_BTF
                0x0000000008002c88      0x1d4 ./Drivers/STM32F4xx_HAL_Driver/Src/stm32f4xx_hal_i2c.o
 .text.I2C_Master_SB
                0x0000000008002e5c      0x10c ./Drivers/STM32F4xx_HAL_Driver/Src/stm32f4xx_hal_i2c.o
 .text.I2C_Master_ADD10
                0x0000000008002f68       0x54 ./Drivers/STM32F4xx_HAL_Driver/Src/stm32f4xx_hal_i2c.o
 .text.I2C_Master_ADDR
                0x0000000008002fbc      0x322 ./Drivers/STM32F4xx_HAL_Driver/Src/stm32f4xx_hal_i2c.o
 .text.I2C_SlaveTransmit_TXE
                0x00000000080032de       0x7a ./Drivers/STM32F4xx_HAL_Driver/Src/stm32f4xx_hal_i2c.o
 .text.I2C_SlaveTransmit_BTF
                0x0000000008003358       0x42 ./Drivers/STM32F4xx_HAL_Driver/Src/stm32f4xx_hal_i2c.o
 .text.I2C_SlaveReceive_RXNE
                0x000000000800339a       0x7c ./Drivers/STM32F4xx_HAL_Driver/Src/stm32f4xx_hal_i2c.o
 .text.I2C_SlaveReceive_BTF
                0x0000000008003416       0x44 ./Drivers/STM32F4xx_HAL_Driver/Src/stm32f4xx_hal_i2c.o
 .text.I2C_Slave_ADDR
                0x000000000800345a       0x94 ./Drivers/STM32F4xx_HAL_Driver/Src/stm32f4xx_hal_i2c.o
 *fill*         0x00000000080034ee        0x2 
 .text.I2C_Slave_STOPF
                0x00000000080034f0      0x260 ./Drivers/STM32F4xx_HAL_Driver/Src/stm32f4xx_hal_i2c.o
 .text.I2C_ITError
                0x0000000008003750      0x264 ./Drivers/STM32F4xx_HAL_Driver/Src/stm32f4xx_hal_i2c.o
 .text.I2C_DMAAbort
                0x00000000080039b4      0x150 ./Drivers/STM32F4xx_HAL_Driver/Src/stm32f4xx_hal_i2c.o
 .text.I2C_WaitOnFlagUntilTimeout
                0x0000000008003b04       0xae ./Drivers/STM32F4xx_HAL_Driver/Src/stm32f4xx_hal_i2c.o
 *fill*         0x0000000008003bb2        0x2 
 .text.I2C_WaitOnSTOPRequestThroughIT
                0x0000000008003bb4       0x64 ./Drivers/STM32F4xx_HAL_Driver/Src/stm32f4xx_hal_i2c.o
 .text.I2C_ConvertOtherXferOptions
                0x0000000008003c18       0x36 ./Drivers/STM32F4xx_HAL_Driver/Src/stm32f4xx_hal_i2c.o
 *fill*         0x0000000008003c4e        0x2 
 .text.HAL_MspInit
                0x0000000008003c50       0x50 ./Drivers/STM32F4xx_HAL_Driver/Src/stm32f4xx_hal_msp.o
                0x0000000008003c50                HAL_MspInit
 .text.HAL_I2C_MspInit
                0x0000000008003ca0       0xa0 ./Drivers/STM32F4xx_HAL_Driver/Src/stm32f4xx_hal_msp.o
                0x0000000008003ca0                HAL_I2C_MspInit
 .text.HAL_UART_MspInit
                0x0000000008003d40       0x90 ./Drivers/STM32F4xx_HAL_Driver/Src/stm32f4xx_hal_msp.o
                0x0000000008003d40                HAL_UART_MspInit
 .text.HAL_PWREx_EnableOverDrive
                0x0000000008003dd0       0xa0 ./Drivers/STM32F4xx_HAL_Driver/Src/stm32f4xx_hal_pwr_ex.o
                0x0000000008003dd0                HAL_PWREx_EnableOverDrive
 .text.HAL_RCC_OscConfig
                0x0000000008003e70      0x4f0 ./Drivers/STM32F4xx_HAL_Driver/Src/stm32f4xx_hal_rcc.o
                0x0000000008003e70                HAL_RCC_OscConfig
 .text.HAL_RCC_ClockConfig
                0x0000000008004360      0x1cc ./Drivers/STM32F4xx_HAL_Driver/Src/stm32f4xx_hal_rcc.o
                0x0000000008004360                HAL_RCC_ClockConfig
 .text.HAL_RCC_GetSysClockFreq
                0x000000000800452c      0x20c ./Drivers/STM32F4xx_HAL_Driver/Src/stm32f4xx_hal_rcc.o
                0x000000000800452c                HAL_RCC_GetSysClockFreq
 .text.HAL_RCC_GetHCLKFreq
                0x0000000008004738       0x18 ./Drivers/STM32F4xx_HAL_Driver/Src/stm32f4xx_hal_rcc.o
                0x0000000008004738                HAL_RCC_GetHCLKFreq
 .text.HAL_RCC_GetPCLK1Freq
                0x0000000008004750       0x28 ./Drivers/STM32F4xx_HAL_Driver/Src/stm32f4xx_hal_rcc.o
                0x0000000008004750                HAL_RCC_GetPCLK1Freq
 .text.HAL_RCC_GetPCLK2Freq
                0x0000000008004778       0x28 ./Drivers/STM32F4xx_HAL_Driver/Src/stm32f4xx_hal_rcc.o
                0x0000000008004778                HAL_RCC_GetPCLK2Freq
 .text.HAL_UART_Init
                0x00000000080047a0       0x9a ./Drivers/STM32F4xx_HAL_Driver/Src/stm32f4xx_hal_uart.o
                0x00000000080047a0                HAL_UART_Init
 .text.HAL_UART_Transmit
                0x000000000800483a      0x124 ./Drivers/STM32F4xx_HAL_Driver/Src/stm32f4xx_hal_uart.o
                0x000000000800483a                HAL_UART_Transmit
 .text.UART_WaitOnFlagUntilTimeout
                0x000000000800495e       0xdc ./Drivers/STM32F4xx_HAL_Driver/Src/stm32f4xx_hal_uart.o
 *fill*         0x0000000008004a3a        0x2 
 .text.UART_SetConfig
                0x0000000008004a3c      0x4e8 ./Drivers/STM32F4xx_HAL_Driver/Src/stm32f4xx_hal_uart.o
 .text.NMI_Handler
                0x0000000008004f24        0x6 ./Drivers/STM32F4xx_HAL_Driver/Src/stm32f4xx_it.o
                0x0000000008004f24                NMI_Handler
 .text.HardFault_Handler
                0x0000000008004f2a        0x6 ./Drivers/STM32F4xx_HAL_Driver/Src/stm32f4xx_it.o
                0x0000000008004f2a                HardFault_Handler
 .text.MemManage_Handler
                0x0000000008004f30        0x6 ./Drivers/STM32F4xx_HAL_Driver/Src/stm32f4xx_it.o
                0x0000000008004f30                MemManage_Handler
 .text.BusFault_Handler
                0x0000000008004f36        0x6 ./Drivers/STM32F4xx_HAL_Driver/Src/stm32f4xx_it.o
                0x0000000008004f36                BusFault_Handler
 .text.UsageFault_Handler
                0x0000000008004f3c        0x6 ./Drivers/STM32F4xx_HAL_Driver/Src/stm32f4xx_it.o
                0x0000000008004f3c                UsageFault_Handler
 .text.SVC_Handler
                0x0000000008004f42        0xe ./Drivers/STM32F4xx_HAL_Driver/Src/stm32f4xx_it.o
                0x0000000008004f42                SVC_Handler
 .text.DebugMon_Handler
                0x0000000008004f50        0xe ./Drivers/STM32F4xx_HAL_Driver/Src/stm32f4xx_it.o
                0x0000000008004f50                DebugMon_Handler
 .text.PendSV_Handler
                0x0000000008004f5e        0xe ./Drivers/STM32F4xx_HAL_Driver/Src/stm32f4xx_it.o
                0x0000000008004f5e                PendSV_Handler
 .text.SysTick_Handler
                0x0000000008004f6c        0xc ./Drivers/STM32F4xx_HAL_Driver/Src/stm32f4xx_it.o
                0x0000000008004f6c                SysTick_Handler
 .text.I2C2_EV_IRQHandler
                0x0000000008004f78       0x30 ./Drivers/STM32F4xx_HAL_Driver/Src/stm32f4xx_it.o
                0x0000000008004f78                I2C2_EV_IRQHandler
 .text.DEV_TimerInit
                0x0000000008004fa8       0x48 ./Drivers/dev/src/dev_timer.o
                0x0000000008004fa8                DEV_TimerInit
 .text.DEV_TimerRead
                0x0000000008004ff0       0x6a ./Drivers/dev/src/dev_timer.o
                0x0000000008004ff0                DEV_TimerRead
 *fill*         0x000000000800505a        0x2 
 .text.DEV_UARTSendChar
                0x000000000800505c       0x34 ./Drivers/dev/src/dev_uart.o
                0x000000000800505c                DEV_UARTSendChar
 .text.DEV_UARTSendStringSize
                0x0000000008005090       0x40 ./Drivers/dev/src/dev_uart.o
                0x0000000008005090                DEV_UARTSendStringSize
 .text.DEV_UARTInit
                0x00000000080050d0       0x90 ./Drivers/dev/src/dev_uart.o
                0x00000000080050d0                DEV_UARTInit
 .text.APP_MPU9250Write
                0x0000000008005160       0xac ./Drivers/dev/src/mpu9250.o
                0x0000000008005160                APP_MPU9250Write
 .text.APP_MPU9250Read
                0x000000000800520c       0xac ./Drivers/dev/src/mpu9250.o
                0x000000000800520c                APP_MPU9250Read
 .text.APP_MPU9250Init
                0x00000000080052b8       0xa0 ./Drivers/dev/src/mpu9250.o
                0x00000000080052b8                APP_MPU9250Init
 .text.APP_MPU9250ReadGyro
                0x0000000008005358       0xdc ./Drivers/dev/src/mpu9250.o
                0x0000000008005358                APP_MPU9250ReadGyro
 .text.APP_MPU9250ReadAccl
                0x0000000008005434       0xdc ./Drivers/dev/src/mpu9250.o
                0x0000000008005434                APP_MPU9250ReadAccl
 .text.APP_MPU9250ReadTemp
                0x0000000008005510       0x54 ./Drivers/dev/src/mpu9250.o
                0x0000000008005510                APP_MPU9250ReadTemp
 .text.gyro_convert
                0x0000000008005564       0x60 ./Drivers/dev/src/mpu9250.o
 *fill*         0x00000000080055c4        0x4 
 .text.accl_convert
                0x00000000080055c8       0x68 ./Drivers/dev/src/mpu9250.o
 .text.temp_convert
                0x0000000008005630       0x7c ./Drivers/dev/src/mpu9250.o
 .text.DEV_I2CInit
                0x00000000080056ac       0x74 ./Drivers/dev/src/port.o
                0x00000000080056ac                DEV_I2CInit
 .text.DEV_I2CWrite
                0x0000000008005720       0x54 ./Drivers/dev/src/port.o
                0x0000000008005720                DEV_I2CWrite
 .text.DEV_I2CRead
                0x0000000008005774       0x54 ./Drivers/dev/src/port.o
                0x0000000008005774                DEV_I2CRead
 .text.DEV_I2CIsReady
                0x00000000080057c8       0x38 ./Drivers/dev/src/port.o
                0x00000000080057c8                DEV_I2CIsReady
 .text.__libc_init_array
                0x0000000008005800       0x48 c:/st/stm32cubeide_1.10.1/stm32cubeide/plugins/com.st.stm32cube.ide.mcu.externaltools.gnu-tools-for-stm32.10.3-2021.10.win32_1.0.0.202111181127/tools/bin/../lib/gcc/arm-none-eabi/10.3.1/../../../../arm-none-eabi/lib/thumb/v7e-m+fp/hard\libc_nano.a(lib_a-init.o)
                0x0000000008005800                __libc_init_array
 .text.__itoa   0x0000000008005848       0x30 c:/st/stm32cubeide_1.10.1/stm32cubeide/plugins/com.st.stm32cube.ide.mcu.externaltools.gnu-tools-for-stm32.10.3-2021.10.win32_1.0.0.202111181127/tools/bin/../lib/gcc/arm-none-eabi/10.3.1/../../../../arm-none-eabi/lib/thumb/v7e-m+fp/hard\libc_nano.a(lib_a-itoa.o)
                0x0000000008005848                __itoa
 .text.itoa     0x0000000008005878        0x4 c:/st/stm32cubeide_1.10.1/stm32cubeide/plugins/com.st.stm32cube.ide.mcu.externaltools.gnu-tools-for-stm32.10.3-2021.10.win32_1.0.0.202111181127/tools/bin/../lib/gcc/arm-none-eabi/10.3.1/../../../../arm-none-eabi/lib/thumb/v7e-m+fp/hard\libc_nano.a(lib_a-itoa.o)
                0x0000000008005878                itoa
 .text.memset   0x000000000800587c       0x10 c:/st/stm32cubeide_1.10.1/stm32cubeide/plugins/com.st.stm32cube.ide.mcu.externaltools.gnu-tools-for-stm32.10.3-2021.10.win32_1.0.0.202111181127/tools/bin/../lib/gcc/arm-none-eabi/10.3.1/../../../../arm-none-eabi/lib/thumb/v7e-m+fp/hard\libc_nano.a(lib_a-memset.o)
                0x000000000800587c                memset
 .text.strcat   0x000000000800588c       0x1e c:/st/stm32cubeide_1.10.1/stm32cubeide/plugins/com.st.stm32cube.ide.mcu.externaltools.gnu-tools-for-stm32.10.3-2021.10.win32_1.0.0.202111181127/tools/bin/../lib/gcc/arm-none-eabi/10.3.1/../../../../arm-none-eabi/lib/thumb/v7e-m+fp/hard\libc_nano.a(lib_a-strcat.o)
                0x000000000800588c                strcat
 *fill*         0x00000000080058aa        0x2 
 .text.__utoa   0x00000000080058ac       0x84 c:/st/stm32cubeide_1.10.1/stm32cubeide/plugins/com.st.stm32cube.ide.mcu.externaltools.gnu-tools-for-stm32.10.3-2021.10.win32_1.0.0.202111181127/tools/bin/../lib/gcc/arm-none-eabi/10.3.1/../../../../arm-none-eabi/lib/thumb/v7e-m+fp/hard\libc_nano.a(lib_a-utoa.o)
                0x00000000080058ac                __utoa
 *(.glue_7)
 .glue_7        0x0000000008005930        0x0 linker stubs
 *(.glue_7t)
 .glue_7t       0x0000000008005930        0x0 linker stubs
 *(.eh_frame)
 .eh_frame      0x0000000008005930        0x0 c:/st/stm32cubeide_1.10.1/stm32cubeide/plugins/com.st.stm32cube.ide.mcu.externaltools.gnu-tools-for-stm32.10.3-2021.10.win32_1.0.0.202111181127/tools/bin/../lib/gcc/arm-none-eabi/10.3.1/thumb/v7e-m+fp/hard/crtbegin.o
 *(.init)
 .init          0x0000000008005930        0x4 c:/st/stm32cubeide_1.10.1/stm32cubeide/plugins/com.st.stm32cube.ide.mcu.externaltools.gnu-tools-for-stm32.10.3-2021.10.win32_1.0.0.202111181127/tools/bin/../lib/gcc/arm-none-eabi/10.3.1/thumb/v7e-m+fp/hard/crti.o
                0x0000000008005930                _init
 .init          0x0000000008005934        0x8 c:/st/stm32cubeide_1.10.1/stm32cubeide/plugins/com.st.stm32cube.ide.mcu.externaltools.gnu-tools-for-stm32.10.3-2021.10.win32_1.0.0.202111181127/tools/bin/../lib/gcc/arm-none-eabi/10.3.1/thumb/v7e-m+fp/hard/crtn.o
 *(.fini)
 .fini          0x000000000800593c        0x4 c:/st/stm32cubeide_1.10.1/stm32cubeide/plugins/com.st.stm32cube.ide.mcu.externaltools.gnu-tools-for-stm32.10.3-2021.10.win32_1.0.0.202111181127/tools/bin/../lib/gcc/arm-none-eabi/10.3.1/thumb/v7e-m+fp/hard/crti.o
                0x000000000800593c                _fini
 .fini          0x0000000008005940        0x8 c:/st/stm32cubeide_1.10.1/stm32cubeide/plugins/com.st.stm32cube.ide.mcu.externaltools.gnu-tools-for-stm32.10.3-2021.10.win32_1.0.0.202111181127/tools/bin/../lib/gcc/arm-none-eabi/10.3.1/thumb/v7e-m+fp/hard/crtn.o
                0x0000000008005948                . = ALIGN (0x4)
                0x0000000008005948                _etext = .

.vfp11_veneer   0x0000000008005948        0x0
 .vfp11_veneer  0x0000000008005948        0x0 linker stubs

.v4_bx          0x0000000008005948        0x0
 .v4_bx         0x0000000008005948        0x0 linker stubs

.iplt           0x0000000008005948        0x0
 .iplt          0x0000000008005948        0x0 c:/st/stm32cubeide_1.10.1/stm32cubeide/plugins/com.st.stm32cube.ide.mcu.externaltools.gnu-tools-for-stm32.10.3-2021.10.win32_1.0.0.202111181127/tools/bin/../lib/gcc/arm-none-eabi/10.3.1/thumb/v7e-m+fp/hard/crtbegin.o

.rodata         0x0000000008005948       0xd4
                0x0000000008005948                . = ALIGN (0x4)
 *(.rodata)
 .rodata        0x0000000008005948       0x7a ./Core/Src/app/app_sm.o
 *fill*         0x00000000080059c2        0x2 
 .rodata        0x00000000080059c4       0x13 ./Drivers/dev/src/dev_uart.o
 *(.rodata*)
 *fill*         0x00000000080059d7        0x1 
 .rodata.AHBPrescTable
                0x00000000080059d8       0x10 ./Core/Src/system_stm32f4xx.o
                0x00000000080059d8                AHBPrescTable
 .rodata.APBPrescTable
                0x00000000080059e8        0x8 ./Core/Src/system_stm32f4xx.o
                0x00000000080059e8                APBPrescTable
 .rodata.GPIO_PIN
                0x00000000080059f0        0x6 ./Drivers/BSP/STM32F4xx_Nucleo_144/stm32f4xx_nucleo_144.o
                0x00000000080059f0                GPIO_PIN
 .rodata.__utoa.str1.1
                0x00000000080059f6       0x25 c:/st/stm32cubeide_1.10.1/stm32cubeide/plugins/com.st.stm32cube.ide.mcu.externaltools.gnu-tools-for-stm32.10.3-2021.10.win32_1.0.0.202111181127/tools/bin/../lib/gcc/arm-none-eabi/10.3.1/../../../../arm-none-eabi/lib/thumb/v7e-m+fp/hard\libc_nano.a(lib_a-utoa.o)
                0x0000000008005a1c                . = ALIGN (0x4)
 *fill*         0x0000000008005a1b        0x1 

.ARM.extab      0x0000000008005a1c        0x0
                0x0000000008005a1c                . = ALIGN (0x4)
 *(.ARM.extab* .gnu.linkonce.armextab.*)
                0x0000000008005a1c                . = ALIGN (0x4)

.ARM            0x0000000008005a1c        0x8
                0x0000000008005a1c                . = ALIGN (0x4)
                0x0000000008005a1c                __exidx_start = .
 *(.ARM.exidx*)
 .ARM.exidx     0x0000000008005a1c        0x8 c:/st/stm32cubeide_1.10.1/stm32cubeide/plugins/com.st.stm32cube.ide.mcu.externaltools.gnu-tools-for-stm32.10.3-2021.10.win32_1.0.0.202111181127/tools/bin/../lib/gcc/arm-none-eabi/10.3.1/thumb/v7e-m+fp/hard\libgcc.a(_udivmoddi4.o)
                0x0000000008005a24                __exidx_end = .
                0x0000000008005a24                . = ALIGN (0x4)

.rel.dyn        0x0000000008005a24        0x0
 .rel.iplt      0x0000000008005a24        0x0 c:/st/stm32cubeide_1.10.1/stm32cubeide/plugins/com.st.stm32cube.ide.mcu.externaltools.gnu-tools-for-stm32.10.3-2021.10.win32_1.0.0.202111181127/tools/bin/../lib/gcc/arm-none-eabi/10.3.1/thumb/v7e-m+fp/hard/crtbegin.o

.preinit_array  0x0000000008005a24        0x0
                0x0000000008005a24                . = ALIGN (0x4)
                0x0000000008005a24                PROVIDE (__preinit_array_start = .)
 *(.preinit_array*)
                0x0000000008005a24                PROVIDE (__preinit_array_end = .)
                0x0000000008005a24                . = ALIGN (0x4)

.init_array     0x0000000008005a24        0x4
                0x0000000008005a24                . = ALIGN (0x4)
                0x0000000008005a24                PROVIDE (__init_array_start = .)
 *(SORT_BY_NAME(.init_array.*))
 *(.init_array*)
 .init_array    0x0000000008005a24        0x4 c:/st/stm32cubeide_1.10.1/stm32cubeide/plugins/com.st.stm32cube.ide.mcu.externaltools.gnu-tools-for-stm32.10.3-2021.10.win32_1.0.0.202111181127/tools/bin/../lib/gcc/arm-none-eabi/10.3.1/thumb/v7e-m+fp/hard/crtbegin.o
                0x0000000008005a28                PROVIDE (__init_array_end = .)
                0x0000000008005a28                . = ALIGN (0x4)

.fini_array     0x0000000008005a28        0x4
                0x0000000008005a28                . = ALIGN (0x4)
                [!provide]                        PROVIDE (__fini_array_start = .)
 *(SORT_BY_NAME(.fini_array.*))
 *(.fini_array*)
 .fini_array    0x0000000008005a28        0x4 c:/st/stm32cubeide_1.10.1/stm32cubeide/plugins/com.st.stm32cube.ide.mcu.externaltools.gnu-tools-for-stm32.10.3-2021.10.win32_1.0.0.202111181127/tools/bin/../lib/gcc/arm-none-eabi/10.3.1/thumb/v7e-m+fp/hard/crtbegin.o
                [!provide]                        PROVIDE (__fini_array_end = .)
                0x0000000008005a2c                . = ALIGN (0x4)
                0x0000000008005a2c                _sidata = LOADADDR (.data)

.data           0x0000000020000000       0x64 load address 0x0000000008005a2c
                0x0000000020000000                . = ALIGN (0x4)
                0x0000000020000000                _sdata = .
 *(.data)
 *(.data*)
 .data.SystemCoreClock
                0x0000000020000000        0x4 ./Core/Src/system_stm32f4xx.o
                0x0000000020000000                SystemCoreClock
 .data.GPIO_PORT
                0x0000000020000004        0xc ./Drivers/BSP/STM32F4xx_Nucleo_144/stm32f4xx_nucleo_144.o
                0x0000000020000004                GPIO_PORT
 .data.uwTickPrio
                0x0000000020000010        0x4 ./Drivers/STM32F4xx_HAL_Driver/Src/stm32f4xx_hal.o
                0x0000000020000010                uwTickPrio
 .data.uwTickFreq
                0x0000000020000014        0x1 ./Drivers/STM32F4xx_HAL_Driver/Src/stm32f4xx_hal.o
                0x0000000020000014                uwTickFreq
 *fill*         0x0000000020000015        0x3 
 .data.MPU9250_InitValues
                0x0000000020000018       0x24 ./Drivers/dev/src/mpu9250.o
 .data.MPU9250_GyroValues
                0x000000002000003c       0x12 ./Drivers/dev/src/mpu9250.o
 *fill*         0x000000002000004e        0x2 
 .data.MPU9250_AcclValues
                0x0000000020000050       0x12 ./Drivers/dev/src/mpu9250.o
 *(.RamFunc)
 *(.RamFunc*)
                0x0000000020000064                . = ALIGN (0x4)
 *fill*         0x0000000020000062        0x2 
                0x0000000020000064                _edata = .
                0x0000000008005a90                _siccmram = LOADADDR (.ccmram)

.igot.plt       0x0000000020000064        0x0 load address 0x0000000008005a90
 .igot.plt      0x0000000020000064        0x0 c:/st/stm32cubeide_1.10.1/stm32cubeide/plugins/com.st.stm32cube.ide.mcu.externaltools.gnu-tools-for-stm32.10.3-2021.10.win32_1.0.0.202111181127/tools/bin/../lib/gcc/arm-none-eabi/10.3.1/thumb/v7e-m+fp/hard/crtbegin.o

.ccmram         0x0000000010000000        0x0 load address 0x0000000008005a90
                0x0000000010000000                . = ALIGN (0x4)
                0x0000000010000000                _sccmram = .
 *(.ccmram)
 *(.ccmram*)
                0x0000000010000000                . = ALIGN (0x4)
                0x0000000010000000                _eccmram = .
                0x0000000010000000                . = ALIGN (0x4)

.bss            0x0000000020000064       0xe8
                0x0000000020000064                _sbss = .
                0x0000000020000064                __bss_start__ = _sbss
 *(.bss)
 .bss           0x0000000020000064       0x1c c:/st/stm32cubeide_1.10.1/stm32cubeide/plugins/com.st.stm32cube.ide.mcu.externaltools.gnu-tools-for-stm32.10.3-2021.10.win32_1.0.0.202111181127/tools/bin/../lib/gcc/arm-none-eabi/10.3.1/thumb/v7e-m+fp/hard/crtbegin.o
 *(.bss*)
 .bss.states    0x0000000020000080        0x1 ./Core/Src/app/app_sm.o
 .bss.new_state
                0x0000000020000081        0x1 ./Core/Src/app/app_sm.o
 *fill*         0x0000000020000082        0x2 
 .bss.read_buff
                0x0000000020000084       0x1c ./Core/Src/app/app_sm.o
 .bss.idle      0x00000000200000a0        0xc ./Core/Src/app/app_sm.o
 .bss.uwTick    0x00000000200000ac        0x4 ./Drivers/STM32F4xx_HAL_Driver/Src/stm32f4xx_hal.o
                0x00000000200000ac                uwTick
 .bss.huart     0x00000000200000b0       0x44 ./Drivers/dev/src/dev_uart.o
                0x00000000200000b0                huart
 .bss.hi2c      0x00000000200000f4       0x54 ./Drivers/dev/src/port.o
                0x00000000200000f4                hi2c
 .bss.I2C_state
                0x0000000020000148        0x2 ./Drivers/dev/src/port.o
                0x0000000020000148                I2C_state
 *(COMMON)
                0x000000002000014c                . = ALIGN (0x4)
 *fill*         0x000000002000014a        0x2 
                0x000000002000014c                _ebss = .
                0x000000002000014c                __bss_end__ = _ebss

._user_heap_stack
                0x000000002000014c      0x604
                0x0000000020000150                . = ALIGN (0x8)
 *fill*         0x000000002000014c        0x4 
                [!provide]                        PROVIDE (end = .)
                0x0000000020000150                PROVIDE (_end = .)
                0x0000000020000350                . = (. + _Min_Heap_Size)
 *fill*         0x0000000020000150      0x200 
                0x0000000020000750                . = (. + _Min_Stack_Size)
 *fill*         0x0000000020000350      0x400 
                0x0000000020000750                . = ALIGN (0x8)

/DISCARD/
 libc.a(*)
 libm.a(*)
 libgcc.a(*)

.ARM.attributes
                0x0000000000000000       0x30
 *(.ARM.attributes)
 .ARM.attributes
                0x0000000000000000       0x1e c:/st/stm32cubeide_1.10.1/stm32cubeide/plugins/com.st.stm32cube.ide.mcu.externaltools.gnu-tools-for-stm32.10.3-2021.10.win32_1.0.0.202111181127/tools/bin/../lib/gcc/arm-none-eabi/10.3.1/thumb/v7e-m+fp/hard/crti.o
 .ARM.attributes
                0x000000000000001e       0x34 c:/st/stm32cubeide_1.10.1/stm32cubeide/plugins/com.st.stm32cube.ide.mcu.externaltools.gnu-tools-for-stm32.10.3-2021.10.win32_1.0.0.202111181127/tools/bin/../lib/gcc/arm-none-eabi/10.3.1/thumb/v7e-m+fp/hard/crtbegin.o
 .ARM.attributes
                0x0000000000000052       0x34 ./Core/Src/app/app_sm.o
 .ARM.attributes
                0x0000000000000086       0x34 ./Core/Src/main.o
 .ARM.attributes
                0x00000000000000ba       0x34 ./Core/Src/system_stm32f4xx.o
 .ARM.attributes
                0x00000000000000ee       0x21 ./Core/Startup/startup_stm32f429zitx.o
 .ARM.attributes
                0x000000000000010f       0x34 ./Drivers/BSP/STM32F4xx_Nucleo_144/stm32f4xx_nucleo_144.o
 .ARM.attributes
                0x0000000000000143       0x34 ./Drivers/STM32F4xx_HAL_Driver/Src/stm32f4xx_hal.o
 .ARM.attributes
                0x0000000000000177       0x34 ./Drivers/STM32F4xx_HAL_Driver/Src/stm32f4xx_hal_cortex.o
 .ARM.attributes
                0x00000000000001ab       0x34 ./Drivers/STM32F4xx_HAL_Driver/Src/stm32f4xx_hal_dma.o
 .ARM.attributes
                0x00000000000001df       0x34 ./Drivers/STM32F4xx_HAL_Driver/Src/stm32f4xx_hal_gpio.o
 .ARM.attributes
                0x0000000000000213       0x34 ./Drivers/STM32F4xx_HAL_Driver/Src/stm32f4xx_hal_i2c.o
 .ARM.attributes
                0x0000000000000247       0x34 ./Drivers/STM32F4xx_HAL_Driver/Src/stm32f4xx_hal_msp.o
 .ARM.attributes
                0x000000000000027b       0x34 ./Drivers/STM32F4xx_HAL_Driver/Src/stm32f4xx_hal_pwr_ex.o
 .ARM.attributes
                0x00000000000002af       0x34 ./Drivers/STM32F4xx_HAL_Driver/Src/stm32f4xx_hal_rcc.o
 .ARM.attributes
                0x00000000000002e3       0x34 ./Drivers/STM32F4xx_HAL_Driver/Src/stm32f4xx_hal_uart.o
 .ARM.attributes
                0x0000000000000317       0x34 ./Drivers/STM32F4xx_HAL_Driver/Src/stm32f4xx_it.o
 .ARM.attributes
                0x000000000000034b       0x34 ./Drivers/dev/src/dev_timer.o
 .ARM.attributes
                0x000000000000037f       0x34 ./Drivers/dev/src/dev_uart.o
 .ARM.attributes
                0x00000000000003b3       0x34 ./Drivers/dev/src/mpu9250.o
 .ARM.attributes
                0x00000000000003e7       0x34 ./Drivers/dev/src/port.o
 .ARM.attributes
                0x000000000000041b       0x34 c:/st/stm32cubeide_1.10.1/stm32cubeide/plugins/com.st.stm32cube.ide.mcu.externaltools.gnu-tools-for-stm32.10.3-2021.10.win32_1.0.0.202111181127/tools/bin/../lib/gcc/arm-none-eabi/10.3.1/../../../../arm-none-eabi/lib/thumb/v7e-m+fp/hard\libc_nano.a(lib_a-init.o)
 .ARM.attributes
                0x000000000000044f       0x34 c:/st/stm32cubeide_1.10.1/stm32cubeide/plugins/com.st.stm32cube.ide.mcu.externaltools.gnu-tools-for-stm32.10.3-2021.10.win32_1.0.0.202111181127/tools/bin/../lib/gcc/arm-none-eabi/10.3.1/../../../../arm-none-eabi/lib/thumb/v7e-m+fp/hard\libc_nano.a(lib_a-itoa.o)
 .ARM.attributes
                0x0000000000000483       0x34 c:/st/stm32cubeide_1.10.1/stm32cubeide/plugins/com.st.stm32cube.ide.mcu.externaltools.gnu-tools-for-stm32.10.3-2021.10.win32_1.0.0.202111181127/tools/bin/../lib/gcc/arm-none-eabi/10.3.1/../../../../arm-none-eabi/lib/thumb/v7e-m+fp/hard\libc_nano.a(lib_a-memset.o)
 .ARM.attributes
                0x00000000000004b7       0x34 c:/st/stm32cubeide_1.10.1/stm32cubeide/plugins/com.st.stm32cube.ide.mcu.externaltools.gnu-tools-for-stm32.10.3-2021.10.win32_1.0.0.202111181127/tools/bin/../lib/gcc/arm-none-eabi/10.3.1/../../../../arm-none-eabi/lib/thumb/v7e-m+fp/hard\libc_nano.a(lib_a-strcat.o)
 .ARM.attributes
                0x00000000000004eb       0x17 c:/st/stm32cubeide_1.10.1/stm32cubeide/plugins/com.st.stm32cube.ide.mcu.externaltools.gnu-tools-for-stm32.10.3-2021.10.win32_1.0.0.202111181127/tools/bin/../lib/gcc/arm-none-eabi/10.3.1/../../../../arm-none-eabi/lib/thumb/v7e-m+fp/hard\libc_nano.a(lib_a-strlen.o)
 .ARM.attributes
                0x0000000000000502       0x34 c:/st/stm32cubeide_1.10.1/stm32cubeide/plugins/com.st.stm32cube.ide.mcu.externaltools.gnu-tools-for-stm32.10.3-2021.10.win32_1.0.0.202111181127/tools/bin/../lib/gcc/arm-none-eabi/10.3.1/../../../../arm-none-eabi/lib/thumb/v7e-m+fp/hard\libc_nano.a(lib_a-utoa.o)
 .ARM.attributes
                0x0000000000000536       0x1e c:/st/stm32cubeide_1.10.1/stm32cubeide/plugins/com.st.stm32cube.ide.mcu.externaltools.gnu-tools-for-stm32.10.3-2021.10.win32_1.0.0.202111181127/tools/bin/../lib/gcc/arm-none-eabi/10.3.1/thumb/v7e-m+fp/hard\libgcc.a(_arm_addsubdf3.o)
 .ARM.attributes
                0x0000000000000554       0x1e c:/st/stm32cubeide_1.10.1/stm32cubeide/plugins/com.st.stm32cube.ide.mcu.externaltools.gnu-tools-for-stm32.10.3-2021.10.win32_1.0.0.202111181127/tools/bin/../lib/gcc/arm-none-eabi/10.3.1/thumb/v7e-m+fp/hard\libgcc.a(_arm_muldivdf3.o)
 .ARM.attributes
                0x0000000000000572       0x1e c:/st/stm32cubeide_1.10.1/stm32cubeide/plugins/com.st.stm32cube.ide.mcu.externaltools.gnu-tools-for-stm32.10.3-2021.10.win32_1.0.0.202111181127/tools/bin/../lib/gcc/arm-none-eabi/10.3.1/thumb/v7e-m+fp/hard\libgcc.a(_arm_truncdfsf2.o)
 .ARM.attributes
                0x0000000000000590       0x1e c:/st/stm32cubeide_1.10.1/stm32cubeide/plugins/com.st.stm32cube.ide.mcu.externaltools.gnu-tools-for-stm32.10.3-2021.10.win32_1.0.0.202111181127/tools/bin/../lib/gcc/arm-none-eabi/10.3.1/thumb/v7e-m+fp/hard\libgcc.a(_aeabi_uldivmod.o)
 .ARM.attributes
                0x00000000000005ae       0x34 c:/st/stm32cubeide_1.10.1/stm32cubeide/plugins/com.st.stm32cube.ide.mcu.externaltools.gnu-tools-for-stm32.10.3-2021.10.win32_1.0.0.202111181127/tools/bin/../lib/gcc/arm-none-eabi/10.3.1/thumb/v7e-m+fp/hard\libgcc.a(_udivmoddi4.o)
 .ARM.attributes
                0x00000000000005e2       0x1e c:/st/stm32cubeide_1.10.1/stm32cubeide/plugins/com.st.stm32cube.ide.mcu.externaltools.gnu-tools-for-stm32.10.3-2021.10.win32_1.0.0.202111181127/tools/bin/../lib/gcc/arm-none-eabi/10.3.1/thumb/v7e-m+fp/hard\libgcc.a(_dvmd_tls.o)
 .ARM.attributes
                0x0000000000000600       0x1e c:/st/stm32cubeide_1.10.1/stm32cubeide/plugins/com.st.stm32cube.ide.mcu.externaltools.gnu-tools-for-stm32.10.3-2021.10.win32_1.0.0.202111181127/tools/bin/../lib/gcc/arm-none-eabi/10.3.1/thumb/v7e-m+fp/hard/crtn.o
OUTPUT(MPU9250.elf elf32-littlearm)
LOAD linker stubs
LOAD c:/st/stm32cubeide_1.10.1/stm32cubeide/plugins/com.st.stm32cube.ide.mcu.externaltools.gnu-tools-for-stm32.10.3-2021.10.win32_1.0.0.202111181127/tools/bin/../lib/gcc/arm-none-eabi/10.3.1/../../../../arm-none-eabi/lib/thumb/v7e-m+fp/hard\libc.a
LOAD c:/st/stm32cubeide_1.10.1/stm32cubeide/plugins/com.st.stm32cube.ide.mcu.externaltools.gnu-tools-for-stm32.10.3-2021.10.win32_1.0.0.202111181127/tools/bin/../lib/gcc/arm-none-eabi/10.3.1/../../../../arm-none-eabi/lib/thumb/v7e-m+fp/hard\libm.a
LOAD c:/st/stm32cubeide_1.10.1/stm32cubeide/plugins/com.st.stm32cube.ide.mcu.externaltools.gnu-tools-for-stm32.10.3-2021.10.win32_1.0.0.202111181127/tools/bin/../lib/gcc/arm-none-eabi/10.3.1/thumb/v7e-m+fp/hard\libgcc.a

.debug_info     0x0000000000000000     0xdbf3
 .debug_info    0x0000000000000000      0x5dc ./Core/Src/app/app_sm.o
 .debug_info    0x00000000000005dc      0x5ee ./Core/Src/main.o
 .debug_info    0x0000000000000bca      0x53f ./Core/Src/system_stm32f4xx.o
 .debug_info    0x0000000000001109       0x22 ./Core/Startup/startup_stm32f429zitx.o
 .debug_info    0x000000000000112b      0xa46 ./Drivers/BSP/STM32F4xx_Nucleo_144/stm32f4xx_nucleo_144.o
 .debug_info    0x0000000000001b71      0x9f4 ./Drivers/STM32F4xx_HAL_Driver/Src/stm32f4xx_hal.o
 .debug_info    0x0000000000002565      0xe51 ./Drivers/STM32F4xx_HAL_Driver/Src/stm32f4xx_hal_cortex.o
 .debug_info    0x00000000000033b6      0x94f ./Drivers/STM32F4xx_HAL_Driver/Src/stm32f4xx_hal_dma.o
 .debug_info    0x0000000000003d05      0x786 ./Drivers/STM32F4xx_HAL_Driver/Src/stm32f4xx_hal_gpio.o
 .debug_info    0x000000000000448b     0x2617 ./Drivers/STM32F4xx_HAL_Driver/Src/stm32f4xx_hal_i2c.o
 .debug_info    0x0000000000006aa2      0xf7c ./Drivers/STM32F4xx_HAL_Driver/Src/stm32f4xx_hal_msp.o
 .debug_info    0x0000000000007a1e      0x6e6 ./Drivers/STM32F4xx_HAL_Driver/Src/stm32f4xx_hal_pwr_ex.o
 .debug_info    0x0000000000008104      0x982 ./Drivers/STM32F4xx_HAL_Driver/Src/stm32f4xx_hal_rcc.o
 .debug_info    0x0000000000008a86     0x31bc ./Drivers/STM32F4xx_HAL_Driver/Src/stm32f4xx_hal_uart.o
 .debug_info    0x000000000000bc42      0x77f ./Drivers/STM32F4xx_HAL_Driver/Src/stm32f4xx_it.o
 .debug_info    0x000000000000c3c1      0x220 ./Drivers/dev/src/dev_timer.o
 .debug_info    0x000000000000c5e1      0x781 ./Drivers/dev/src/dev_uart.o
 .debug_info    0x000000000000cd62      0x598 ./Drivers/dev/src/mpu9250.o
 .debug_info    0x000000000000d2fa      0x8f9 ./Drivers/dev/src/port.o

.debug_abbrev   0x0000000000000000     0x22a9
 .debug_abbrev  0x0000000000000000      0x19b ./Core/Src/app/app_sm.o
 .debug_abbrev  0x000000000000019b      0x1b7 ./Core/Src/main.o
 .debug_abbrev  0x0000000000000352      0x116 ./Core/Src/system_stm32f4xx.o
 .debug_abbrev  0x0000000000000468       0x12 ./Core/Startup/startup_stm32f429zitx.o
 .debug_abbrev  0x000000000000047a      0x231 ./Drivers/BSP/STM32F4xx_Nucleo_144/stm32f4xx_nucleo_144.o
 .debug_abbrev  0x00000000000006ab      0x20d ./Drivers/STM32F4xx_HAL_Driver/Src/stm32f4xx_hal.o
 .debug_abbrev  0x00000000000008b8      0x316 ./Drivers/STM32F4xx_HAL_Driver/Src/stm32f4xx_hal_cortex.o
 .debug_abbrev  0x0000000000000bce      0x25b ./Drivers/STM32F4xx_HAL_Driver/Src/stm32f4xx_hal_dma.o
 .debug_abbrev  0x0000000000000e29      0x1c4 ./Drivers/STM32F4xx_HAL_Driver/Src/stm32f4xx_hal_gpio.o
 .debug_abbrev  0x0000000000000fed      0x297 ./Drivers/STM32F4xx_HAL_Driver/Src/stm32f4xx_hal_i2c.o
 .debug_abbrev  0x0000000000001284      0x1b9 ./Drivers/STM32F4xx_HAL_Driver/Src/stm32f4xx_hal_msp.o
 .debug_abbrev  0x000000000000143d      0x1c9 ./Drivers/STM32F4xx_HAL_Driver/Src/stm32f4xx_hal_pwr_ex.o
 .debug_abbrev  0x0000000000001606      0x2aa ./Drivers/STM32F4xx_HAL_Driver/Src/stm32f4xx_hal_rcc.o
 .debug_abbrev  0x00000000000018b0      0x2f4 ./Drivers/STM32F4xx_HAL_Driver/Src/stm32f4xx_hal_uart.o
 .debug_abbrev  0x0000000000001ba4      0x15f ./Drivers/STM32F4xx_HAL_Driver/Src/stm32f4xx_it.o
 .debug_abbrev  0x0000000000001d03      0x121 ./Drivers/dev/src/dev_timer.o
 .debug_abbrev  0x0000000000001e24      0x18f ./Drivers/dev/src/dev_uart.o
 .debug_abbrev  0x0000000000001fb3      0x180 ./Drivers/dev/src/mpu9250.o
 .debug_abbrev  0x0000000000002133      0x176 ./Drivers/dev/src/port.o

.debug_aranges  0x0000000000000000      0xb50
 .debug_aranges
                0x0000000000000000       0x38 ./Core/Src/app/app_sm.o
 .debug_aranges
                0x0000000000000038       0x30 ./Core/Src/main.o
 .debug_aranges
                0x0000000000000068       0x28 ./Core/Src/system_stm32f4xx.o
 .debug_aranges
                0x0000000000000090       0x28 ./Core/Startup/startup_stm32f429zitx.o
 .debug_aranges
                0x00000000000000b8       0x60 ./Drivers/BSP/STM32F4xx_Nucleo_144/stm32f4xx_nucleo_144.o
 .debug_aranges
                0x0000000000000118      0x100 ./Drivers/STM32F4xx_HAL_Driver/Src/stm32f4xx_hal.o
 .debug_aranges
                0x0000000000000218      0x118 ./Drivers/STM32F4xx_HAL_Driver/Src/stm32f4xx_hal_cortex.o
 .debug_aranges
                0x0000000000000330       0x90 ./Drivers/STM32F4xx_HAL_Driver/Src/stm32f4xx_hal_dma.o
 .debug_aranges
                0x00000000000003c0       0x58 ./Drivers/STM32F4xx_HAL_Driver/Src/stm32f4xx_hal_gpio.o
 .debug_aranges
                0x0000000000000418      0x2a0 ./Drivers/STM32F4xx_HAL_Driver/Src/stm32f4xx_hal_i2c.o
 .debug_aranges
                0x00000000000006b8       0x40 ./Drivers/STM32F4xx_HAL_Driver/Src/stm32f4xx_hal_msp.o
 .debug_aranges
                0x00000000000006f8       0x60 ./Drivers/STM32F4xx_HAL_Driver/Src/stm32f4xx_hal_pwr_ex.o
 .debug_aranges
                0x0000000000000758       0x88 ./Drivers/STM32F4xx_HAL_Driver/Src/stm32f4xx_hal_rcc.o
 .debug_aranges
                0x00000000000007e0      0x200 ./Drivers/STM32F4xx_HAL_Driver/Src/stm32f4xx_hal_uart.o
 .debug_aranges
                0x00000000000009e0       0x68 ./Drivers/STM32F4xx_HAL_Driver/Src/stm32f4xx_it.o
 .debug_aranges
                0x0000000000000a48       0x30 ./Drivers/dev/src/dev_timer.o
 .debug_aranges
                0x0000000000000a78       0x38 ./Drivers/dev/src/dev_uart.o
 .debug_aranges
                0x0000000000000ab0       0x60 ./Drivers/dev/src/mpu9250.o
 .debug_aranges
                0x0000000000000b10       0x40 ./Drivers/dev/src/port.o

.debug_ranges   0x0000000000000000      0xa70
 .debug_ranges  0x0000000000000000       0x28 ./Core/Src/app/app_sm.o
 .debug_ranges  0x0000000000000028       0x20 ./Core/Src/main.o
 .debug_ranges  0x0000000000000048       0x18 ./Core/Src/system_stm32f4xx.o
 .debug_ranges  0x0000000000000060       0x20 ./Core/Startup/startup_stm32f429zitx.o
 .debug_ranges  0x0000000000000080       0x50 ./Drivers/BSP/STM32F4xx_Nucleo_144/stm32f4xx_nucleo_144.o
 .debug_ranges  0x00000000000000d0       0xf0 ./Drivers/STM32F4xx_HAL_Driver/Src/stm32f4xx_hal.o
 .debug_ranges  0x00000000000001c0      0x108 ./Drivers/STM32F4xx_HAL_Driver/Src/stm32f4xx_hal_cortex.o
 .debug_ranges  0x00000000000002c8       0x80 ./Drivers/STM32F4xx_HAL_Driver/Src/stm32f4xx_hal_dma.o
 .debug_ranges  0x0000000000000348       0x48 ./Drivers/STM32F4xx_HAL_Driver/Src/stm32f4xx_hal_gpio.o
 .debug_ranges  0x0000000000000390      0x2a8 ./Drivers/STM32F4xx_HAL_Driver/Src/stm32f4xx_hal_i2c.o
 .debug_ranges  0x0000000000000638       0x30 ./Drivers/STM32F4xx_HAL_Driver/Src/stm32f4xx_hal_msp.o
 .debug_ranges  0x0000000000000668       0x50 ./Drivers/STM32F4xx_HAL_Driver/Src/stm32f4xx_hal_pwr_ex.o
 .debug_ranges  0x00000000000006b8       0x78 ./Drivers/STM32F4xx_HAL_Driver/Src/stm32f4xx_hal_rcc.o
 .debug_ranges  0x0000000000000730      0x220 ./Drivers/STM32F4xx_HAL_Driver/Src/stm32f4xx_hal_uart.o
 .debug_ranges  0x0000000000000950       0x58 ./Drivers/STM32F4xx_HAL_Driver/Src/stm32f4xx_it.o
 .debug_ranges  0x00000000000009a8       0x20 ./Drivers/dev/src/dev_timer.o
 .debug_ranges  0x00000000000009c8       0x28 ./Drivers/dev/src/dev_uart.o
 .debug_ranges  0x00000000000009f0       0x50 ./Drivers/dev/src/mpu9250.o
 .debug_ranges  0x0000000000000a40       0x30 ./Drivers/dev/src/port.o

.debug_macro    0x0000000000000000    0x25242
 .debug_macro   0x0000000000000000      0x400 ./Core/Src/app/app_sm.o
 .debug_macro   0x0000000000000400      0xa78 ./Core/Src/app/app_sm.o
 .debug_macro   0x0000000000000e78       0x22 ./Core/Src/app/app_sm.o
 .debug_macro   0x0000000000000e9a       0x4c ./Core/Src/app/app_sm.o
 .debug_macro   0x0000000000000ee6       0x1e ./Core/Src/app/app_sm.o
 .debug_macro   0x0000000000000f04       0x94 ./Core/Src/app/app_sm.o
 .debug_macro   0x0000000000000f98       0x3c ./Core/Src/app/app_sm.o
 .debug_macro   0x0000000000000fd4       0x34 ./Core/Src/app/app_sm.o
 .debug_macro   0x0000000000001008       0x16 ./Core/Src/app/app_sm.o
 .debug_macro   0x000000000000101e       0x57 ./Core/Src/app/app_sm.o
 .debug_macro   0x0000000000001075       0x97 ./Core/Src/app/app_sm.o
 .debug_macro   0x000000000000110c      0x341 ./Core/Src/app/app_sm.o
 .debug_macro   0x000000000000144d       0xfd ./Core/Src/app/app_sm.o
 .debug_macro   0x000000000000154a       0x10 ./Core/Src/app/app_sm.o
 .debug_macro   0x000000000000155a       0x16 ./Core/Src/app/app_sm.o
 .debug_macro   0x0000000000001570       0x43 ./Core/Src/app/app_sm.o
 .debug_macro   0x00000000000015b3       0x34 ./Core/Src/app/app_sm.o
 .debug_macro   0x00000000000015e7       0x10 ./Core/Src/app/app_sm.o
 .debug_macro   0x00000000000015f7       0x58 ./Core/Src/app/app_sm.o
 .debug_macro   0x000000000000164f       0x71 ./Core/Src/app/app_sm.o
 .debug_macro   0x00000000000016c0       0x1c ./Core/Src/app/app_sm.o
 .debug_macro   0x00000000000016dc      0x12a ./Core/Src/app/app_sm.o
 .debug_macro   0x0000000000001806       0x10 ./Core/Src/app/app_sm.o
 .debug_macro   0x0000000000001816       0x6a ./Core/Src/app/app_sm.o
 .debug_macro   0x0000000000001880       0x1c ./Core/Src/app/app_sm.o
 .debug_macro   0x000000000000189c       0x52 ./Core/Src/app/app_sm.o
 .debug_macro   0x00000000000018ee       0x22 ./Core/Src/app/app_sm.o
 .debug_macro   0x0000000000001910       0x10 ./Core/Src/app/app_sm.o
 .debug_macro   0x0000000000001920       0x52 ./Core/Src/app/app_sm.o
 .debug_macro   0x0000000000001972       0xd5 ./Core/Src/app/app_sm.o
 .debug_macro   0x0000000000001a47       0x1c ./Core/Src/app/app_sm.o
 .debug_macro   0x0000000000001a63       0x3d ./Core/Src/app/app_sm.o
 .debug_macro   0x0000000000001aa0       0x16 ./Core/Src/app/app_sm.o
 .debug_macro   0x0000000000001ab6      0x145 ./Core/Src/app/app_sm.o
 .debug_macro   0x0000000000001bfb      0x103 ./Core/Src/app/app_sm.o
 .debug_macro   0x0000000000001cfe      0x1df ./Core/Src/app/app_sm.o
 .debug_macro   0x0000000000001edd       0x22 ./Core/Src/app/app_sm.o
 .debug_macro   0x0000000000001eff       0x2e ./Core/Src/app/app_sm.o
 .debug_macro   0x0000000000001f2d       0x28 ./Core/Src/app/app_sm.o
 .debug_macro   0x0000000000001f55       0x1c ./Core/Src/app/app_sm.o
 .debug_macro   0x0000000000001f71       0x22 ./Core/Src/app/app_sm.o
 .debug_macro   0x0000000000001f93       0xd9 ./Core/Src/app/app_sm.o
 .debug_macro   0x000000000000206c     0x102d ./Core/Src/app/app_sm.o
 .debug_macro   0x0000000000003099      0x11f ./Core/Src/app/app_sm.o
 .debug_macro   0x00000000000031b8    0x17fc0 ./Core/Src/app/app_sm.o
 .debug_macro   0x000000000001b178       0x6d ./Core/Src/app/app_sm.o
 .debug_macro   0x000000000001b1e5      0x29e ./Core/Src/app/app_sm.o
 .debug_macro   0x000000000001b483      0xca5 ./Core/Src/app/app_sm.o
 .debug_macro   0x000000000001c128      0x9fe ./Core/Src/app/app_sm.o
 .debug_macro   0x000000000001cb26      0x115 ./Core/Src/app/app_sm.o
 .debug_macro   0x000000000001cc3b      0x156 ./Core/Src/app/app_sm.o
 .debug_macro   0x000000000001cd91       0xa5 ./Core/Src/app/app_sm.o
 .debug_macro   0x000000000001ce36      0x182 ./Core/Src/app/app_sm.o
 .debug_macro   0x000000000001cfb8      0x287 ./Core/Src/app/app_sm.o
 .debug_macro   0x000000000001d23f       0x5f ./Core/Src/app/app_sm.o
 .debug_macro   0x000000000001d29e      0x236 ./Core/Src/app/app_sm.o
 .debug_macro   0x000000000001d4d4      0x132 ./Core/Src/app/app_sm.o
 .debug_macro   0x000000000001d606      0x41d ./Core/Src/app/app_sm.o
 .debug_macro   0x000000000001da23       0x2e ./Core/Src/app/app_sm.o
 .debug_macro   0x000000000001da51      0x11a ./Core/Src/app/app_sm.o
 .debug_macro   0x000000000001db6b       0xe2 ./Core/Src/app/app_sm.o
 .debug_macro   0x000000000001dc4d       0x89 ./Core/Src/app/app_sm.o
 .debug_macro   0x000000000001dcd6      0x295 ./Core/Src/app/app_sm.o
 .debug_macro   0x000000000001df6b      0x134 ./Core/Src/app/app_sm.o
 .debug_macro   0x000000000001e09f     0x36f5 ./Core/Src/app/app_sm.o
 .debug_macro   0x0000000000021794       0x56 ./Core/Src/app/app_sm.o
 .debug_macro   0x00000000000217ea      0x1af ./Core/Src/app/app_sm.o
 .debug_macro   0x0000000000021999       0x22 ./Core/Src/app/app_sm.o
 .debug_macro   0x00000000000219bb       0xd6 ./Core/Src/app/app_sm.o
 .debug_macro   0x0000000000021a91       0x16 ./Core/Src/app/app_sm.o
 .debug_macro   0x0000000000021aa7       0x35 ./Core/Src/app/app_sm.o
 .debug_macro   0x0000000000021adc       0x20 ./Core/Src/app/app_sm.o
 .debug_macro   0x0000000000021afc       0x16 ./Core/Src/app/app_sm.o
 .debug_macro   0x0000000000021b12       0x16 ./Core/Src/app/app_sm.o
 .debug_macro   0x0000000000021b28       0x29 ./Core/Src/app/app_sm.o
 .debug_macro   0x0000000000021b51      0x19b ./Core/Src/app/app_sm.o
 .debug_macro   0x0000000000021cec      0x412 ./Core/Src/main.o
 .debug_macro   0x00000000000220fe       0x8e ./Core/Src/main.o
 .debug_macro   0x000000000002218c       0x51 ./Core/Src/main.o
 .debug_macro   0x00000000000221dd      0x174 ./Core/Src/main.o
 .debug_macro   0x0000000000022351       0x5c ./Core/Src/main.o
 .debug_macro   0x00000000000223ad      0x1b5 ./Core/Src/main.o
 .debug_macro   0x0000000000022562       0x94 ./Core/Src/main.o
 .debug_macro   0x00000000000225f6       0x52 ./Core/Src/main.o
 .debug_macro   0x0000000000022648      0x146 ./Core/Src/main.o
 .debug_macro   0x000000000002278e      0x1d3 ./Core/Src/system_stm32f4xx.o
 .debug_macro   0x0000000000022961      0x20c ./Drivers/BSP/STM32F4xx_Nucleo_144/stm32f4xx_nucleo_144.o
 .debug_macro   0x0000000000022b6d      0x140 ./Drivers/BSP/STM32F4xx_Nucleo_144/stm32f4xx_nucleo_144.o
 .debug_macro   0x0000000000022cad      0x233 ./Drivers/STM32F4xx_HAL_Driver/Src/stm32f4xx_hal.o
 .debug_macro   0x0000000000022ee0      0x1d3 ./Drivers/STM32F4xx_HAL_Driver/Src/stm32f4xx_hal_cortex.o
 .debug_macro   0x00000000000230b3      0x1d9 ./Drivers/STM32F4xx_HAL_Driver/Src/stm32f4xx_hal_dma.o
 .debug_macro   0x000000000002328c      0x1d9 ./Drivers/STM32F4xx_HAL_Driver/Src/stm32f4xx_hal_gpio.o
 .debug_macro   0x0000000000023465      0x21a ./Drivers/STM32F4xx_HAL_Driver/Src/stm32f4xx_hal_i2c.o
 .debug_macro   0x000000000002367f      0x1e2 ./Drivers/STM32F4xx_HAL_Driver/Src/stm32f4xx_hal_msp.o
 .debug_macro   0x0000000000023861      0x1eb ./Drivers/STM32F4xx_HAL_Driver/Src/stm32f4xx_hal_pwr_ex.o
 .debug_macro   0x0000000000023a4c      0x1f7 ./Drivers/STM32F4xx_HAL_Driver/Src/stm32f4xx_hal_rcc.o
 .debug_macro   0x0000000000023c43      0x1d4 ./Drivers/STM32F4xx_HAL_Driver/Src/stm32f4xx_hal_uart.o
 .debug_macro   0x0000000000023e17      0x36c ./Drivers/STM32F4xx_HAL_Driver/Src/stm32f4xx_it.o
 .debug_macro   0x0000000000024183      0x355 ./Drivers/dev/src/dev_timer.o
 .debug_macro   0x00000000000244d8      0x389 ./Drivers/dev/src/dev_uart.o
 .debug_macro   0x0000000000024861      0x28f ./Drivers/dev/src/dev_uart.o
 .debug_macro   0x0000000000024af0      0x3ed ./Drivers/dev/src/mpu9250.o
 .debug_macro   0x0000000000024edd      0x365 ./Drivers/dev/src/port.o

.debug_line     0x0000000000000000    0x10b03
 .debug_line    0x0000000000000000      0xb7e ./Core/Src/app/app_sm.o
 .debug_line    0x0000000000000b7e      0xb00 ./Core/Src/main.o
 .debug_line    0x000000000000167e      0x731 ./Core/Src/system_stm32f4xx.o
 .debug_line    0x0000000000001daf       0x88 ./Core/Startup/startup_stm32f429zitx.o
 .debug_line    0x0000000000001e37      0x7f7 ./Drivers/BSP/STM32F4xx_Nucleo_144/stm32f4xx_nucleo_144.o
 .debug_line    0x000000000000262e      0x9cd ./Drivers/STM32F4xx_HAL_Driver/Src/stm32f4xx_hal.o
 .debug_line    0x0000000000002ffb      0xc46 ./Drivers/STM32F4xx_HAL_Driver/Src/stm32f4xx_hal_cortex.o
 .debug_line    0x0000000000003c41      0xefb ./Drivers/STM32F4xx_HAL_Driver/Src/stm32f4xx_hal_dma.o
 .debug_line    0x0000000000004b3c      0xb33 ./Drivers/STM32F4xx_HAL_Driver/Src/stm32f4xx_hal_gpio.o
 .debug_line    0x000000000000566f     0x394c ./Drivers/STM32F4xx_HAL_Driver/Src/stm32f4xx_hal_i2c.o
 .debug_line    0x0000000000008fbb      0x771 ./Drivers/STM32F4xx_HAL_Driver/Src/stm32f4xx_hal_msp.o
 .debug_line    0x000000000000972c      0x8c6 ./Drivers/STM32F4xx_HAL_Driver/Src/stm32f4xx_hal_pwr_ex.o
 .debug_line    0x0000000000009ff2      0xd13 ./Drivers/STM32F4xx_HAL_Driver/Src/stm32f4xx_hal_rcc.o
 .debug_line    0x000000000000ad05     0x2a3c ./Drivers/STM32F4xx_HAL_Driver/Src/stm32f4xx_hal_uart.o
 .debug_line    0x000000000000d741      0xa14 ./Drivers/STM32F4xx_HAL_Driver/Src/stm32f4xx_it.o
 .debug_line    0x000000000000e155      0x9a8 ./Drivers/dev/src/dev_timer.o
 .debug_line    0x000000000000eafd      0x9b2 ./Drivers/dev/src/dev_uart.o
 .debug_line    0x000000000000f4af      0xc70 ./Drivers/dev/src/mpu9250.o
 .debug_line    0x000000000001011f      0x9e4 ./Drivers/dev/src/port.o

.debug_str      0x0000000000000000    0xd5d92
 .debug_str     0x0000000000000000    0xd168f ./Core/Src/app/app_sm.o
                                      0xd1955 (size before relaxing)
 .debug_str     0x00000000000d168f      0xd60 ./Core/Src/main.o
                                      0xd24dd (size before relaxing)
 .debug_str     0x00000000000d23ef       0xdb ./Core/Src/system_stm32f4xx.o
                                      0xcd172 (size before relaxing)
 .debug_str     0x00000000000d24ca       0x36 ./Core/Startup/startup_stm32f429zitx.o
                                         0x83 (size before relaxing)
 .debug_str     0x00000000000d2500      0x947 ./Drivers/BSP/STM32F4xx_Nucleo_144/stm32f4xx_nucleo_144.o
                                      0xce2a5 (size before relaxing)
 .debug_str     0x00000000000d2e47      0x66a ./Drivers/STM32F4xx_HAL_Driver/Src/stm32f4xx_hal.o
                                      0xcdd95 (size before relaxing)
 .debug_str     0x00000000000d34b1      0x32d ./Drivers/STM32F4xx_HAL_Driver/Src/stm32f4xx_hal_cortex.o
                                      0xcda7a (size before relaxing)
 .debug_str     0x00000000000d37de      0x53a ./Drivers/STM32F4xx_HAL_Driver/Src/stm32f4xx_hal_dma.o
                                      0xcd579 (size before relaxing)
 .debug_str     0x00000000000d3d18       0xf8 ./Drivers/STM32F4xx_HAL_Driver/Src/stm32f4xx_hal_gpio.o
                                      0xcd2ed (size before relaxing)
 .debug_str     0x00000000000d3e10      0xd5f ./Drivers/STM32F4xx_HAL_Driver/Src/stm32f4xx_hal_i2c.o
                                      0xce12f (size before relaxing)
 .debug_str     0x00000000000d4b6f      0x216 ./Drivers/STM32F4xx_HAL_Driver/Src/stm32f4xx_hal_msp.o
                                      0xce021 (size before relaxing)
 .debug_str     0x00000000000d4d85      0x135 ./Drivers/STM32F4xx_HAL_Driver/Src/stm32f4xx_hal_pwr_ex.o
                                      0xcd34a (size before relaxing)
 .debug_str     0x00000000000d4eba      0x213 ./Drivers/STM32F4xx_HAL_Driver/Src/stm32f4xx_hal_rcc.o
                                      0xcd5a6 (size before relaxing)
 .debug_str     0x00000000000d50cd      0x5fd ./Drivers/STM32F4xx_HAL_Driver/Src/stm32f4xx_hal_uart.o
                                      0xcdb32 (size before relaxing)
 .debug_str     0x00000000000d56ca      0x150 ./Drivers/STM32F4xx_HAL_Driver/Src/stm32f4xx_it.o
                                      0xd15cd (size before relaxing)
 .debug_str     0x00000000000d581a       0x49 ./Drivers/dev/src/dev_timer.o
                                      0xd0e16 (size before relaxing)
 .debug_str     0x00000000000d5863      0x14e ./Drivers/dev/src/dev_uart.o
                                      0xd138f (size before relaxing)
 .debug_str     0x00000000000d59b1      0x373 ./Drivers/dev/src/mpu9250.o
                                      0xd11e7 (size before relaxing)
 .debug_str     0x00000000000d5d24       0x6e ./Drivers/dev/src/port.o
                                      0xd1418 (size before relaxing)

.comment        0x0000000000000000       0x50
 .comment       0x0000000000000000       0x50 ./Core/Src/app/app_sm.o
                                         0x51 (size before relaxing)
 .comment       0x0000000000000050       0x51 ./Core/Src/main.o
 .comment       0x0000000000000050       0x51 ./Core/Src/system_stm32f4xx.o
 .comment       0x0000000000000050       0x51 ./Drivers/BSP/STM32F4xx_Nucleo_144/stm32f4xx_nucleo_144.o
 .comment       0x0000000000000050       0x51 ./Drivers/STM32F4xx_HAL_Driver/Src/stm32f4xx_hal.o
 .comment       0x0000000000000050       0x51 ./Drivers/STM32F4xx_HAL_Driver/Src/stm32f4xx_hal_cortex.o
 .comment       0x0000000000000050       0x51 ./Drivers/STM32F4xx_HAL_Driver/Src/stm32f4xx_hal_dma.o
 .comment       0x0000000000000050       0x51 ./Drivers/STM32F4xx_HAL_Driver/Src/stm32f4xx_hal_gpio.o
 .comment       0x0000000000000050       0x51 ./Drivers/STM32F4xx_HAL_Driver/Src/stm32f4xx_hal_i2c.o
 .comment       0x0000000000000050       0x51 ./Drivers/STM32F4xx_HAL_Driver/Src/stm32f4xx_hal_msp.o
 .comment       0x0000000000000050       0x51 ./Drivers/STM32F4xx_HAL_Driver/Src/stm32f4xx_hal_pwr_ex.o
 .comment       0x0000000000000050       0x51 ./Drivers/STM32F4xx_HAL_Driver/Src/stm32f4xx_hal_rcc.o
 .comment       0x0000000000000050       0x51 ./Drivers/STM32F4xx_HAL_Driver/Src/stm32f4xx_hal_uart.o
 .comment       0x0000000000000050       0x51 ./Drivers/STM32F4xx_HAL_Driver/Src/stm32f4xx_it.o
 .comment       0x0000000000000050       0x51 ./Drivers/dev/src/dev_timer.o
 .comment       0x0000000000000050       0x51 ./Drivers/dev/src/dev_uart.o
 .comment       0x0000000000000050       0x51 ./Drivers/dev/src/mpu9250.o
 .comment       0x0000000000000050       0x51 ./Drivers/dev/src/port.o

.debug_frame    0x0000000000000000     0x2f10
 .debug_frame   0x0000000000000000       0xa8 ./Core/Src/app/app_sm.o
 .debug_frame   0x00000000000000a8       0x70 ./Core/Src/main.o
 .debug_frame   0x0000000000000118       0x58 ./Core/Src/system_stm32f4xx.o
 .debug_frame   0x0000000000000170      0x150 ./Drivers/BSP/STM32F4xx_Nucleo_144/stm32f4xx_nucleo_144.o
 .debug_frame   0x00000000000002c0      0x3b4 ./Drivers/STM32F4xx_HAL_Driver/Src/stm32f4xx_hal.o
 .debug_frame   0x0000000000000674      0x498 ./Drivers/STM32F4xx_HAL_Driver/Src/stm32f4xx_hal_cortex.o
 .debug_frame   0x0000000000000b0c      0x250 ./Drivers/STM32F4xx_HAL_Driver/Src/stm32f4xx_hal_dma.o
 .debug_frame   0x0000000000000d5c      0x14c ./Drivers/STM32F4xx_HAL_Driver/Src/stm32f4xx_hal_gpio.o
 .debug_frame   0x0000000000000ea8      0xc5c ./Drivers/STM32F4xx_HAL_Driver/Src/stm32f4xx_hal_i2c.o
 .debug_frame   0x0000000000001b04       0xc8 ./Drivers/STM32F4xx_HAL_Driver/Src/stm32f4xx_hal_msp.o
 .debug_frame   0x0000000000001bcc      0x14c ./Drivers/STM32F4xx_HAL_Driver/Src/stm32f4xx_hal_pwr_ex.o
 .debug_frame   0x0000000000001d18      0x1f4 ./Drivers/STM32F4xx_HAL_Driver/Src/stm32f4xx_hal_rcc.o
 .debug_frame   0x0000000000001f0c      0x92c ./Drivers/STM32F4xx_HAL_Driver/Src/stm32f4xx_hal_uart.o
 .debug_frame   0x0000000000002838      0x120 ./Drivers/STM32F4xx_HAL_Driver/Src/stm32f4xx_it.o
 .debug_frame   0x0000000000002958       0x84 ./Drivers/dev/src/dev_timer.o
 .debug_frame   0x00000000000029dc       0xa4 ./Drivers/dev/src/dev_uart.o
 .debug_frame   0x0000000000002a80      0x158 ./Drivers/dev/src/mpu9250.o
 .debug_frame   0x0000000000002bd8       0xc4 ./Drivers/dev/src/port.o
 .debug_frame   0x0000000000002c9c       0x2c c:/st/stm32cubeide_1.10.1/stm32cubeide/plugins/com.st.stm32cube.ide.mcu.externaltools.gnu-tools-for-stm32.10.3-2021.10.win32_1.0.0.202111181127/tools/bin/../lib/gcc/arm-none-eabi/10.3.1/../../../../arm-none-eabi/lib/thumb/v7e-m+fp/hard\libc_nano.a(lib_a-init.o)
 .debug_frame   0x0000000000002cc8       0x38 c:/st/stm32cubeide_1.10.1/stm32cubeide/plugins/com.st.stm32cube.ide.mcu.externaltools.gnu-tools-for-stm32.10.3-2021.10.win32_1.0.0.202111181127/tools/bin/../lib/gcc/arm-none-eabi/10.3.1/../../../../arm-none-eabi/lib/thumb/v7e-m+fp/hard\libc_nano.a(lib_a-itoa.o)
 .debug_frame   0x0000000000002d00       0x20 c:/st/stm32cubeide_1.10.1/stm32cubeide/plugins/com.st.stm32cube.ide.mcu.externaltools.gnu-tools-for-stm32.10.3-2021.10.win32_1.0.0.202111181127/tools/bin/../lib/gcc/arm-none-eabi/10.3.1/../../../../arm-none-eabi/lib/thumb/v7e-m+fp/hard\libc_nano.a(lib_a-memset.o)
 .debug_frame   0x0000000000002d20       0x28 c:/st/stm32cubeide_1.10.1/stm32cubeide/plugins/com.st.stm32cube.ide.mcu.externaltools.gnu-tools-for-stm32.10.3-2021.10.win32_1.0.0.202111181127/tools/bin/../lib/gcc/arm-none-eabi/10.3.1/../../../../arm-none-eabi/lib/thumb/v7e-m+fp/hard\libc_nano.a(lib_a-strcat.o)
 .debug_frame   0x0000000000002d48       0x48 c:/st/stm32cubeide_1.10.1/stm32cubeide/plugins/com.st.stm32cube.ide.mcu.externaltools.gnu-tools-for-stm32.10.3-2021.10.win32_1.0.0.202111181127/tools/bin/../lib/gcc/arm-none-eabi/10.3.1/../../../../arm-none-eabi/lib/thumb/v7e-m+fp/hard\libc_nano.a(lib_a-utoa.o)
 .debug_frame   0x0000000000002d90       0xac c:/st/stm32cubeide_1.10.1/stm32cubeide/plugins/com.st.stm32cube.ide.mcu.externaltools.gnu-tools-for-stm32.10.3-2021.10.win32_1.0.0.202111181127/tools/bin/../lib/gcc/arm-none-eabi/10.3.1/thumb/v7e-m+fp/hard\libgcc.a(_arm_addsubdf3.o)
 .debug_frame   0x0000000000002e3c       0x50 c:/st/stm32cubeide_1.10.1/stm32cubeide/plugins/com.st.stm32cube.ide.mcu.externaltools.gnu-tools-for-stm32.10.3-2021.10.win32_1.0.0.202111181127/tools/bin/../lib/gcc/arm-none-eabi/10.3.1/thumb/v7e-m+fp/hard\libgcc.a(_arm_muldivdf3.o)
 .debug_frame   0x0000000000002e8c       0x24 c:/st/stm32cubeide_1.10.1/stm32cubeide/plugins/com.st.stm32cube.ide.mcu.externaltools.gnu-tools-for-stm32.10.3-2021.10.win32_1.0.0.202111181127/tools/bin/../lib/gcc/arm-none-eabi/10.3.1/thumb/v7e-m+fp/hard\libgcc.a(_arm_truncdfsf2.o)
 .debug_frame   0x0000000000002eb0       0x2c c:/st/stm32cubeide_1.10.1/stm32cubeide/plugins/com.st.stm32cube.ide.mcu.externaltools.gnu-tools-for-stm32.10.3-2021.10.win32_1.0.0.202111181127/tools/bin/../lib/gcc/arm-none-eabi/10.3.1/thumb/v7e-m+fp/hard\libgcc.a(_aeabi_uldivmod.o)
 .debug_frame   0x0000000000002edc       0x34 c:/st/stm32cubeide_1.10.1/stm32cubeide/plugins/com.st.stm32cube.ide.mcu.externaltools.gnu-tools-for-stm32.10.3-2021.10.win32_1.0.0.202111181127/tools/bin/../lib/gcc/arm-none-eabi/10.3.1/thumb/v7e-m+fp/hard\libgcc.a(_udivmoddi4.o)
